 SELFE_netcdf_jet_v4.2.1

 Timestamp is 4fd079c8 (Thu Jun 07 17:52:08 2012)

 Preferred load address is 00400000

 Start         Length     Name                   Class
 0001:00000000 0028601bH .text                   CODE
 0002:00000000 000000d0H .text1                  CODE
 0003:00000000 00000820H .idata$5                DATA
 0003:00000820 00000004H .CRT$XCA                DATA
 0003:00000824 00000004H .CRT$XCF                DATA
 0003:00000828 00000004H .CRT$XCZ                DATA
 0003:0000082c 00000004H .CRT$XIA                DATA
 0003:00000830 00000014H .CRT$XIC                DATA
 0003:00000844 00000004H .CRT$XIY                DATA
 0003:00000848 00000004H .CRT$XIZ                DATA
 0003:0000084c 00000004H .CRT$XPA                DATA
 0003:00000850 00000004H .CRT$XPX                DATA
 0003:00000854 00000004H .CRT$XPXA               DATA
 0003:00000858 00000004H .CRT$XPZ                DATA
 0003:0000085c 00000004H .CRT$XTA                DATA
 0003:00000860 00000004H .CRT$XTZ                DATA
 0003:00000880 00045458H .rdata                  DATA
 0003:00045cd8 000000a3H .rdata$debug            DATA
 0003:00045d80 00000010H .rdata$sxdata           DATA
 0003:00045d90 00000004H .rtc$IAA                DATA
 0003:00045d94 00000004H .rtc$IZZ                DATA
 0003:00045d98 00000004H .rtc$TAA                DATA
 0003:00045d9c 00000004H .rtc$TZZ                DATA
 0003:00045da0 00000910H .xdata$x                DATA
 0003:000466b0 00000050H .idata$2                DATA
 0003:00046700 00000014H .idata$3                DATA
 0003:00046714 00000820H .idata$4                DATA
 0003:00046f34 00002828H .idata$6                DATA
 0003:0004975c 00000000H .edata                  DATA
 0004:00000000 0093c2a0H .data                   DATA
 0004:0093c2a0 00048ffcH .bss                    DATA
 0005:00000000 00005874H .trace                  DATA

  Address         Publics by Value              Rva+Base       Lib:Object

 0000:00000000       __except_list              00000000     <absolute>
 0000:00000004       ___safe_se_handler_count   00000004     <absolute>
 0000:00000000       ___ImageBase               00400000     <linker-defined>
 0000:00000010       _mpiprivc__                00400010     <linker-defined>
 0000:00000010       _mpiprivc_                 00400010     <linker-defined>
 0000:00000020       _mpipriv1__                00400020     <linker-defined>
 0000:00000020       _mpipriv2_                 00400020     <linker-defined>
 0000:00000020       _mpipriv1_                 00400020     <linker-defined>
 0000:00000020       _mpipriv2__                00400020     <linker-defined>
 0001:00000000       _PARMETIS_V3_ADAPTIVEREPART 00401000 f   ParMETISLib:frename.obj
 0001:00000010       _parmetis_v3_adaptiverepart 00401010 f   ParMETISLib:frename.obj
 0001:00000020       _parmetis_v3_adaptiverepart_ 00401020 f   ParMETISLib:frename.obj
 0001:00000030       _parmetis_v3_adaptiverepart__ 00401030 f   ParMETISLib:frename.obj
 0001:00000040       _PARMETIS_V3_PARTGEOMKWAY  00401040 f   ParMETISLib:frename.obj
 0001:00000050       _parmetis_v3_partgeomkway  00401050 f   ParMETISLib:frename.obj
 0001:00000060       _parmetis_v3_partgeomkway_ 00401060 f   ParMETISLib:frename.obj
 0001:00000070       _parmetis_v3_partgeomkway__ 00401070 f   ParMETISLib:frename.obj
 0001:00000080       _PARMETIS_V3_PARTGEOM      00401080 f   ParMETISLib:frename.obj
 0001:000000a0       _parmetis_v3_partgeom      004010a0 f   ParMETISLib:frename.obj
 0001:000000c0       _parmetis_v3_partgeom_     004010c0 f   ParMETISLib:frename.obj
 0001:000000e0       _parmetis_v3_partgeom__    004010e0 f   ParMETISLib:frename.obj
 0001:00000100       _PARMETIS_V3_PARTKWAY      00401100 f   ParMETISLib:frename.obj
 0001:00000160       _parmetis_v3_partkway      00401160 f   ParMETISLib:frename.obj
 0001:000001c0       _parmetis_v3_partkway_     004011c0 f   ParMETISLib:frename.obj
 0001:00000220       _parmetis_v3_partkway__    00401220 f   ParMETISLib:frename.obj
 0001:00000280       _PARMETIS_V3_MESH2DUAL     00401280 f   ParMETISLib:frename.obj
 0001:000002b0       _parmetis_v3_mesh2dual     004012b0 f   ParMETISLib:frename.obj
 0001:000002e0       _parmetis_v3_mesh2dual_    004012e0 f   ParMETISLib:frename.obj
 0001:00000310       _parmetis_v3_mesh2dual__   00401310 f   ParMETISLib:frename.obj
 0001:00000340       _PARMETIS_V3_PARTMESHKWAY  00401340 f   ParMETISLib:frename.obj
 0001:00000350       _parmetis_v3_partmeshkway  00401350 f   ParMETISLib:frename.obj
 0001:00000360       _parmetis_v3_partmeshkway_ 00401360 f   ParMETISLib:frename.obj
 0001:00000370       _parmetis_v3_partmeshkway__ 00401370 f   ParMETISLib:frename.obj
 0001:00000380       _PARMETIS_V3_NODEND        00401380 f   ParMETISLib:frename.obj
 0001:000003b0       _parmetis_v3_nodend        004013b0 f   ParMETISLib:frename.obj
 0001:000003e0       _parmetis_v3_nodend_       004013e0 f   ParMETISLib:frename.obj
 0001:00000410       _parmetis_v3_nodend__      00401410 f   ParMETISLib:frename.obj
 0001:00000440       _PARMETIS_V3_REFINEKWAY    00401440 f   ParMETISLib:frename.obj
 0001:00000450       _parmetis_v3_refinekway    00401450 f   ParMETISLib:frename.obj
 0001:00000460       _parmetis_v3_refinekway_   00401460 f   ParMETISLib:frename.obj
 0001:00000470       _parmetis_v3_refinekway__  00401470 f   ParMETISLib:frename.obj
 0001:00000480       _PARMETIS_PARTKWAY         00401480 f   ParMETISLib:frename.obj
 0001:000004c0       _parmetis_partkway         004014c0 f   ParMETISLib:frename.obj
 0001:00000500       _parmetis_partkway_        00401500 f   ParMETISLib:frename.obj
 0001:00000540       _parmetis_partkway__       00401540 f   ParMETISLib:frename.obj
 0001:00000580       _PARMETIS_PARTGEOMKWAY     00401580 f   ParMETISLib:frename.obj
 0001:00000590       _parmetis_partgeomkway     00401590 f   ParMETISLib:frename.obj
 0001:000005a0       _parmetis_partgeomkway_    004015a0 f   ParMETISLib:frename.obj
 0001:000005b0       _parmetis_partgeomkway__   004015b0 f   ParMETISLib:frename.obj
 0001:000005c0       _PARMETIS_PARTGEOM         004015c0 f   ParMETISLib:frename.obj
 0001:000005e0       _parmetis_partgeom         004015e0 f   ParMETISLib:frename.obj
 0001:00000600       _parmetis_partgeom_        00401600 f   ParMETISLib:frename.obj
 0001:00000620       _parmetis_partgeom__       00401620 f   ParMETISLib:frename.obj
 0001:00000640       _PARMETIS_PARTGEOMREFINE   00401640 f   ParMETISLib:frename.obj
 0001:00000650       _parmetis_partgeomrefine   00401650 f   ParMETISLib:frename.obj
 0001:00000660       _parmetis_partgeomrefine_  00401660 f   ParMETISLib:frename.obj
 0001:00000670       _parmetis_partgeomrefine__ 00401670 f   ParMETISLib:frename.obj
 0001:00000680       _PARMETIS_REFINEKWAY       00401680 f   ParMETISLib:frename.obj
 0001:000006c0       _parmetis_refinekway       004016c0 f   ParMETISLib:frename.obj
 0001:00000700       _parmetis_refinekway_      00401700 f   ParMETISLib:frename.obj
 0001:00000740       _parmetis_refinekway__     00401740 f   ParMETISLib:frename.obj
 0001:00000780       _PARMETIS_REPARTLDIFUSSION 00401780 f   ParMETISLib:frename.obj
 0001:000007c0       _parmetis_repartldiffusion 004017c0 f   ParMETISLib:frename.obj
 0001:00000800       _parmetis_repartldiffusion_ 00401800 f   ParMETISLib:frename.obj
 0001:00000840       _parmetis_repartldiffusion__ 00401840 f   ParMETISLib:frename.obj
 0001:00000880       _PARMETIS_REPARTGDIFFUSION 00401880 f   ParMETISLib:frename.obj
 0001:000008c0       _parmetis_repartgdiffusion 004018c0 f   ParMETISLib:frename.obj
 0001:00000900       _parmetis_repartgdiffusion_ 00401900 f   ParMETISLib:frename.obj
 0001:00000940       _parmetis_repartgdiffusion__ 00401940 f   ParMETISLib:frename.obj
 0001:00000980       _PARMETIS_REPARTREMAP      00401980 f   ParMETISLib:frename.obj
 0001:000009c0       _parmetis_repartremap      004019c0 f   ParMETISLib:frename.obj
 0001:00000a00       _parmetis_repartremap_     00401a00 f   ParMETISLib:frename.obj
 0001:00000a40       _parmetis_repartremap__    00401a40 f   ParMETISLib:frename.obj
 0001:00000a80       _PARMETIS_REPARTMLREMAP    00401a80 f   ParMETISLib:frename.obj
 0001:00000ac0       _parmetis_repartmlremap    00401ac0 f   ParMETISLib:frename.obj
 0001:00000b00       _parmetis_repartmlremap_   00401b00 f   ParMETISLib:frename.obj
 0001:00000b40       _parmetis_repartmlremap__  00401b40 f   ParMETISLib:frename.obj
 0001:00000b80       _PARMETIS_NODEND           00401b80 f   ParMETISLib:frename.obj
 0001:00000be0       _parmetis_nodend           00401be0 f   ParMETISLib:frename.obj
 0001:00000c40       _parmetis_nodend_          00401c40 f   ParMETISLib:frename.obj
 0001:00000ca0       _parmetis_nodend__         00401ca0 f   ParMETISLib:frename.obj
 0001:00000d00       _PARMETIS_SERIALNODEND     00401d00 f   ParMETISLib:frename.obj
 0001:00000d30       _parmetis_serialnodend     00401d30 f   ParMETISLib:frename.obj
 0001:00000d60       _parmetis_serialnodend_    00401d60 f   ParMETISLib:frename.obj
 0001:00000d90       _parmetis_serialnodend__   00401d90 f   ParMETISLib:frename.obj
 0001:00000dc0       _PARKMETIS_                00401dc0 f   ParMETISLib:frename.obj
 0001:00000de0       _parkmetis                 00401de0 f   ParMETISLib:frename.obj
 0001:00000e00       _parkmetis_                00401e00 f   ParMETISLib:frename.obj
 0001:00000e20       _parkmetis__               00401e20 f   ParMETISLib:frename.obj
 0001:00000e40       _PARGKMETIS_               00401e40 f   ParMETISLib:frename.obj
 0001:00000e70       _pargkmetis                00401e70 f   ParMETISLib:frename.obj
 0001:00000ea0       _pargkmetis_               00401ea0 f   ParMETISLib:frename.obj
 0001:00000ed0       _pargkmetis__              00401ed0 f   ParMETISLib:frename.obj
 0001:00000f00       _PARGRMETIS_               00401f00 f   ParMETISLib:frename.obj
 0001:00000f30       _pargrmetis                00401f30 f   ParMETISLib:frename.obj
 0001:00000f60       _pargrmetis_               00401f60 f   ParMETISLib:frename.obj
 0001:00000f90       _pargrmetis__              00401f90 f   ParMETISLib:frename.obj
 0001:00000fc0       _PARGMETIS_                00401fc0 f   ParMETISLib:frename.obj
 0001:00001000       _pargmetis                 00402000 f   ParMETISLib:frename.obj
 0001:00001040       _pargmetis_                00402040 f   ParMETISLib:frename.obj
 0001:00001080       _pargmetis__               00402080 f   ParMETISLib:frename.obj
 0001:000010c0       _PARRMETIS_                004020c0 f   ParMETISLib:frename.obj
 0001:000010e0       _parrmetis                 004020e0 f   ParMETISLib:frename.obj
 0001:00001100       _parrmetis_                00402100 f   ParMETISLib:frename.obj
 0001:00001120       _parrmetis__               00402120 f   ParMETISLib:frename.obj
 0001:00001140       _PARUAMETIS_               00402140 f   ParMETISLib:frename.obj
 0001:00001160       _paruametis                00402160 f   ParMETISLib:frename.obj
 0001:00001180       _paruametis_               00402180 f   ParMETISLib:frename.obj
 0001:000011a0       _paruametis__              004021a0 f   ParMETISLib:frename.obj
 0001:000011c0       _PARDAMETIS_               004021c0 f   ParMETISLib:frename.obj
 0001:000011e0       _pardametis                004021e0 f   ParMETISLib:frename.obj
 0001:00001200       _pardametis_               00402200 f   ParMETISLib:frename.obj
 0001:00001220       _pardametis__              00402220 f   ParMETISLib:frename.obj
 0001:00001240       _ParMETIS_PartKway         00402240 f   ParMETISLib:backcompat.obj
 0001:00001360       _PARKMETIS                 00402360 f   ParMETISLib:backcompat.obj
 0001:00001400       _ParMETIS_PartGeomKway     00402400 f   ParMETISLib:backcompat.obj
 0001:00001530       _ParMETIS_PartGeom         00402530 f   ParMETISLib:backcompat.obj
 0001:00001550       _ParMETIS_PartGeomRefine   00402550 f   ParMETISLib:backcompat.obj
 0001:00001690       _PARGKMETIS                00402690 f   ParMETISLib:backcompat.obj
 0001:00001730       _PARGRMETIS                00402730 f   ParMETISLib:backcompat.obj
 0001:000017c0       _PARGMETIS                 004027c0 f   ParMETISLib:backcompat.obj
 0001:000017f0       _ParMETIS_RefineKway       004027f0 f   ParMETISLib:backcompat.obj
 0001:00001920       _PARRMETIS                 00402920 f   ParMETISLib:backcompat.obj
 0001:000019a0       _ParMETIS_RepartLDiffusion 004029a0 f   ParMETISLib:backcompat.obj
 0001:00001ae0       _PARUAMETIS                00402ae0 f   ParMETISLib:backcompat.obj
 0001:00001b60       _ParMETIS_RepartGDiffusion 00402b60 f   ParMETISLib:backcompat.obj
 0001:00001ca0       _PARDAMETIS                00402ca0 f   ParMETISLib:backcompat.obj
 0001:00001d20       _ParMETIS_RepartRemap      00402d20 f   ParMETISLib:backcompat.obj
 0001:00001e60       _ParMETIS_RepartMLRemap    00402e60 f   ParMETISLib:backcompat.obj
 0001:00001fa0       _ParMETIS_NodeND           00402fa0 f   ParMETISLib:backcompat.obj
 0001:00002000       _ParMETIS_SerialNodeND     00403000 f   ParMETISLib:pspases.obj
 0001:00002550       _AssembleEntireGraph__     00403550 f   ParMETISLib:pspases.obj
 0001:00002850       _ParMETIS_V3_NodeND        00403850 f   ParMETISLib:ometis.obj
 0001:00003070       _PAROMETIS                 00404070 f   ParMETISLib:ometis.obj
 0001:000030d0       _ParMETIS_V3_Mesh2Dual     004040d0 f   ParMETISLib:mesh.obj
 0001:000042a0       _ParMETIS_V3_PartKway      004052a0 f   ParMETISLib:kmetis.obj
 0001:000049c0       _Mc_Global_Partition__     004059c0 f   ParMETISLib:kmetis.obj
 0001:00005020       _ParMETIS_V3_PartGeomKway  00406020 f   ParMETISLib:gkmetis.obj
 0001:00005ba0       _ParMETIS_V3_PartGeom      00406ba0 f   ParMETISLib:gkmetis.obj
 0001:00005ec0       _ParMETIS_V3_RefineKway    00406ec0 f   ParMETISLib:rmetis.obj
 0001:00006660       _ParMETIS_V3_AdaptiveRepart 00407660 f   ParMETISLib:ametis.obj
 0001:00006e40       _Adaptive_Partition__      00407e40 f   ParMETISLib:ametis.obj
 0001:000072e0       _ParMETIS_V3_PartMeshKway  004082e0 f   ParMETISLib:mmetis.obj
 0001:000075c0       _errexit__                 004085c0 f   ParMETISLib:util.obj
 0001:00007650       _myprintf__                00408650 f   ParMETISLib:util.obj
 0001:000076e0       _rprintf__                 004086e0 f   ParMETISLib:util.obj
 0001:00007720       _imalloc__                 00408720 f   ParMETISLib:util.obj
 0001:00007760       _idxmalloc__               00408760 f   ParMETISLib:util.obj
 0001:000077a0       _fmalloc__                 004087a0 f   ParMETISLib:util.obj
 0001:000077e0       _ismalloc__                004087e0 f   ParMETISLib:util.obj
 0001:00007830       _idxsmalloc__              00408830 f   ParMETISLib:util.obj
 0001:00007890       _GKmalloc__                00408890 f   ParMETISLib:util.obj
 0001:000078c0       _GKfree__                  004088c0 f   ParMETISLib:util.obj
 0001:00007910       _iset__                    00408910 f   ParMETISLib:util.obj
 0001:00007920       _idxset__                  00408920 f   ParMETISLib:util.obj
 0001:00007930       _idxamax__                 00408930 f   ParMETISLib:util.obj
 0001:00007960       _idxamin__                 00408960 f   ParMETISLib:util.obj
 0001:00007990       _idxsum__                  00408990 f   ParMETISLib:util.obj
 0001:000079d0       _charsum                   004089d0 f   ParMETISLib:util.obj
 0001:00007a20       _isum                      00408a20 f   ParMETISLib:util.obj
 0001:00007a60       _snorm2__                  00408a60 f   ParMETISLib:util.obj
 0001:00007af0       _sdot__                    00408af0 f   ParMETISLib:util.obj
 0001:00007ba0       _saxpy__                   00408ba0 f   ParMETISLib:util.obj
 0001:00007c40       _ikeyvalsort_org__         00408c40 f   ParMETISLib:util.obj
 0001:00007c60       _IncKeyValueCmp__          00408c60 f   ParMETISLib:util.obj
 0001:00007c80       _dkeyvalsort__             00408c80 f   ParMETISLib:util.obj
 0001:00007ca0       _DecKeyValueCmp__          00408ca0 f   ParMETISLib:util.obj
 0001:00007cb0       _BSearch__                 00408cb0 f   ParMETISLib:util.obj
 0001:00007d00       _RandomPermute__           00408d00 f   ParMETISLib:util.obj
 0001:00007d90       _FastRandomPermute__       00408d90 f   ParMETISLib:util.obj
 0001:00007e80       _ispow2__                  00408e80 f   ParMETISLib:util.obj
 0001:00007ec0       _log2Int__                 00408ec0 f   ParMETISLib:util.obj
 0001:00007ee0       _sset__                    00408ee0 f   ParMETISLib:util.obj
 0001:00007f00       _iamax__                   00408f00 f   ParMETISLib:util.obj
 0001:00007f30       _samax_strd__              00408f30 f   ParMETISLib:util.obj
 0001:00007f70       _sfamax__                  00408f70 f   ParMETISLib:util.obj
 0001:00008080       _samin_strd__              00409080 f   ParMETISLib:util.obj
 0001:000080c0       _idxamax_strd__            004090c0 f   ParMETISLib:util.obj
 0001:00008110       _idxamin_strd__            00409110 f   ParMETISLib:util.obj
 0001:00008160       _idxavg__                  00409160 f   ParMETISLib:util.obj
 0001:000081f0       _savg__                    004091f0 f   ParMETISLib:util.obj
 0001:00008280       _samax__                   00409280 f   ParMETISLib:util.obj
 0001:00008380       _sfavg__                   00409380 f   ParMETISLib:util.obj
 0001:00008420       _samax2__                  00409420 f   ParMETISLib:util.obj
 0001:00008620       _samin__                   00409620 f   ParMETISLib:util.obj
 0001:00008720       _idxsum_strd__             00409720 f   ParMETISLib:util.obj
 0001:00008770       _idxadd__                  00409770 f   ParMETISLib:util.obj
 0001:00008790       _ssum__                    00409790 f   ParMETISLib:util.obj
 0001:00008800       _ssum_strd__               00409800 f   ParMETISLib:util.obj
 0001:00008890       _sscale__                  00409890 f   ParMETISLib:util.obj
 0001:000088f0       _saneg__                   004098f0 f   ParMETISLib:util.obj
 0001:00008950       _BetterVBalance__          00409950 f   ParMETISLib:util.obj
 0001:00008c30       _IsHBalanceBetterFT__      00409c30 f   ParMETISLib:util.obj
 0001:00008da0       _IsHBalanceBetterTT__      00409da0 f   ParMETISLib:util.obj
 0001:00009200       _myvalkeycompare__         0040a200 f   ParMETISLib:util.obj
 0001:00009240       _imyvalkeycompare__        0040a240 f   ParMETISLib:util.obj
 0001:00009270       _fsmalloc__                0040a270 f   ParMETISLib:util.obj
 0001:000092c0       _saxpy2__                  0040a2c0 f   ParMETISLib:util.obj
 0001:00009350       _GetThreeMax__             0040a350 f   ParMETISLib:util.obj
 0001:000095e0       _Mc_SetUpGraph__           0040a5e0 f   ParMETISLib:grsetup.obj
 0001:00009960       _SetUpCtrl__               0040a960 f   ParMETISLib:grsetup.obj
 0001:000099b0       _ChangeNumbering__         0040a9b0 f   ParMETISLib:grsetup.obj
 0001:00009a50       _ChangeNumberingMesh__     0040aa50 f   ParMETISLib:grsetup.obj
 0001:00009b10       _GraphRandomPermute__      0040ab10 f   ParMETISLib:grsetup.obj
 0001:00009bb0       _ComputeMoveStatistics__   0040abb0 f   ParMETISLib:grsetup.obj
 0001:00009d80       _AllocateWSpace            0040ad80 f   ParMETISLib:memory.obj
 0001:00009f80       _AdjustWSpace              0040af80 f   ParMETISLib:memory.obj
 0001:00009fd0       _FreeWSpace__              0040afd0 f   ParMETISLib:memory.obj
 0001:0000a000       _FreeCtrl__                0040b000 f   ParMETISLib:memory.obj
 0001:0000a010       _CreateGraph__             0040b010 f   ParMETISLib:memory.obj
 0001:0000a050       _InitGraph__               0040b050 f   ParMETISLib:memory.obj
 0001:0000a100       _FreeGraph__               0040b100 f   ParMETISLib:memory.obj
 0001:0000a1c0       _FreeInitialGraphAndRemap__ 0040b1c0 f   ParMETISLib:memory.obj
 0001:0000a2c0       _InitTimers__              0040b2c0 f   ParMETISLib:timer.obj
 0001:0000a330       _PrintTimingInfo__         0040b330 f   ParMETISLib:timer.obj
 0001:0000a4a0       _PrintTimer__              0040b4a0 f   ParMETISLib:timer.obj
 0001:0000a570       _CommInterfaceData__       0040b570 f   ParMETISLib:comm.obj
 0001:0000a6b0       _CommChangedInterfaceData__ 0040b6b0 f   ParMETISLib:comm.obj
 0001:0000a970       _GlobalSEMax__             0040b970 f   ParMETISLib:comm.obj
 0001:0000a9a0       _GlobalSEMaxDouble__       0040b9a0 f   ParMETISLib:comm.obj
 0001:0000a9d0       _GlobalSEMin__             0040b9d0 f   ParMETISLib:comm.obj
 0001:0000aa00       _GlobalSESum__             0040ba00 f   ParMETISLib:comm.obj
 0001:0000aa30       _GlobalSEMaxFloat__        0040ba30 f   ParMETISLib:comm.obj
 0001:0000aa60       _GlobalSEMinFloat__        0040ba60 f   ParMETISLib:comm.obj
 0001:0000aa90       _GlobalSESumFloat__        0040ba90 f   ParMETISLib:comm.obj
 0001:0000aac0       _MultilevelOrder__         0040bac0 f   ParMETISLib:order.obj
 0001:0000ae40       _LabelSeparators__         0040be40 f   ParMETISLib:order.obj
 0001:0000b080       _CompactGraph__            0040c080 f   ParMETISLib:order.obj
 0001:0000b490       _LocalNDOrder__            0040c490 f   ParMETISLib:order.obj
 0001:0000b530       _Order_Partition__         0040c530 f   ParMETISLib:order.obj
 0001:0000b760       _Mc_MoveGraph__            0040c760 f   ParMETISLib:move.obj
 0001:0000bf60       _ProjectInfoBack__         0040cf60 f   ParMETISLib:move.obj
 0001:0000c200       _FindVtxPerm__             0040d200 f   ParMETISLib:move.obj
 0001:0000c370       _CheckMGraph__             0040d370 f   ParMETISLib:move.obj
 0001:0000c4a0       _ikeysort__                0040d4a0 f   ParMETISLib:ikeysort.obj
 0001:0000c6b0       _ParallelReMapGraph__      0040d6b0 f   ParMETISLib:remap.obj
 0001:0000c7e0       _ParallelTotalVReMap__     0040d7e0 f   ParMETISLib:remap.obj
 0001:0000cb20       _SimilarTpwgts__           0040db20 f   ParMETISLib:remap.obj
 0001:0000cc40       _Mc_KWayBalance__          0040dc40 f   ParMETISLib:kwaybalance.obj
 0001:0000dfe0       _SetUp__                   0040efe0 f   ParMETISLib:setup.obj
 0001:0000e890       _Mc_KWayFM__               0040f890 f   ParMETISLib:kwayfm.obj
 0001:00010950       _Mc_ProjectPartition__     00411950 f   ParMETISLib:kwayrefine.obj
 0001:00010c80       _Mc_ComputePartitionParams__ 00411c80 f   ParMETISLib:kwayrefine.obj
 0001:00011080       _Mc_GlobalMatch_Balance__  00412080 f   ParMETISLib:match.obj
 0001:00011c30       _Mc_Global_CreateCoarseGraph__ 00412c30 f   ParMETISLib:match.obj
 0001:000133b0       _Mc_InitPartition_RB__     004143b0 f   ParMETISLib:initpart.obj
 0001:00013d30       _Mc_KeepPart__             00414d30 f   ParMETISLib:initpart.obj
 0001:00013f60       _PartitionSmallGraph__     00414f60 f   ParMETISLib:weird.obj
 0001:00014440       _CheckInputs__             00415440 f   ParMETISLib:weird.obj
 0001:000148b0       _Mc_ComputeSerialBalance__ 004158b0 f   ParMETISLib:stat.obj
 0001:00014bd0       _Mc_ComputeParallelBalance__ 00415bd0 f   ParMETISLib:stat.obj
 0001:000150f0       _Mc_PrintThrottleMatrix__  004160f0 f   ParMETISLib:stat.obj
 0001:00015190       _Mc_ComputeRefineStats__   00416190 f   ParMETISLib:stat.obj
 0001:00015de0       _Coordinate_Partition__    00416de0 f   ParMETISLib:xyzpart.obj
 0001:000161c0       _PartSort__                004171c0 f   ParMETISLib:xyzpart.obj
 0001:00016820       _SetUpConnectGraph__       00417820 f   ParMETISLib:diffutil.obj
 0001:00016a40       _Mc_ComputeMoveStatistics__ 00417a40 f   ParMETISLib:diffutil.obj
 0001:00016e10       _Mc_ComputeSerialTotalV__  00417e10 f   ParMETISLib:diffutil.obj
 0001:00016e70       _ComputeLoad__             00417e70 f   ParMETISLib:diffutil.obj
 0001:000170b0       _ConjGrad2__               004180b0 f   ParMETISLib:diffutil.obj
 0001:000174a0       _mvMult2__                 004184a0 f   ParMETISLib:diffutil.obj
 0001:00017520       _ComputeTransferVector__   00418520 f   ParMETISLib:diffutil.obj
 0001:000175b0       _Mc_LocalMatch_HEM__       004185b0 f   ParMETISLib:lmatch.obj
 0001:00017b40       _Mc_Local_CreateCoarseGraph__ 00418b40 f   ParMETISLib:lmatch.obj
 0001:000186b0       _Balance_Partition__       004196b0 f   ParMETISLib:initbalance.obj
 0001:000197b0       _Mc_AssembleAdaptiveGraph__ 0041a7b0 f   ParMETISLib:initbalance.obj
 0001:00019ff0       _Mc_KWayAdaptiveRefine__   0041aff0 f   ParMETISLib:akwayfm.obj
 0001:0001c500       _InitMultisection__        0041d500 f   ParMETISLib:initmsection.obj
 0001:0001ca50       _AssembleMultisectedGraph__ 0041da50 f   ParMETISLib:initmsection.obj
 0001:0001d030       _AllocateNodePartitionParams 0041e030 f   ParMETISLib:node_refine.obj
 0001:0001d230       _ComputeNodePartitionParams__ 0041e230 f   ParMETISLib:node_refine.obj
 0001:0001d4a0       _KWayNodeRefine__          0041e4a0 f   ParMETISLib:node_refine.obj
 0001:0001df40       _PrintNodeBalanceInfo__    0041ef40 f   ParMETISLib:node_refine.obj
 0001:0001e000       _iidxsort__                0041f000 f   ParMETISLib:iidxsort.obj
 0001:0001e1a0       _ikeyvalsort__             0041f1a0 f   ParMETISLib:ikeyvalsort.obj
 0001:0001e3f0       _PrintVector__             0041f3f0 f   ParMETISLib:debug.obj
 0001:0001e4a0       _PrintVector2__            0041f4a0 f   ParMETISLib:debug.obj
 0001:0001e570       _PrintPairs__              0041f570 f   ParMETISLib:debug.obj
 0001:0001e620       _PrintGraph__              0041f620 f   ParMETISLib:debug.obj
 0001:0001e720       _PrintGraph2__             0041f720 f   ParMETISLib:debug.obj
 0001:0001e860       _PrintSetUpInfo__          0041f860 f   ParMETISLib:debug.obj
 0001:0001e9a0       _PrintTransferedGraphs__   0041f9a0 f   ParMETISLib:debug.obj
 0001:0001ebe0       _WriteMetisGraph__         0041fbe0 f   ParMETISLib:debug.obj
 0001:0001eca0       _Mc_SerialKWayAdaptRefine__ 0041fca0 f   ParMETISLib:serial.obj
 0001:0001f630       _Mc_ComputeSerialPartitionParams__ 00420630 f   ParMETISLib:serial.obj
 0001:0001f820       _AreAllHVwgtsBelow__       00420820 f   ParMETISLib:serial.obj
 0001:0001f870       _ComputeHKWayLoadImbalance__ 00420870 f   ParMETISLib:serial.obj
 0001:0001f9e0       _SerialRemap__             004209e0 f   ParMETISLib:serial.obj
 0001:0001fe30       _SSMIncKeyCmp__            00420e30 f   ParMETISLib:serial.obj
 0001:0001fe70       _Mc_Serial_FM_2WayRefine__ 00420e70 f   ParMETISLib:serial.obj
 0001:00020b90       _Serial_SelectQueue__      00421b90 f   ParMETISLib:serial.obj
 0001:00021020       _Serial_BetterBalance__    00422020 f   ParMETISLib:serial.obj
 0001:00021120       _Serial_Compute2WayHLoadImbalance__ 00422120 f   ParMETISLib:serial.obj
 0001:000212c0       _Mc_Serial_Balance2Way__   004222c0 f   ParMETISLib:serial.obj
 0001:00021f30       _Mc_Serial_Init2WayBalance__ 00422f30 f   ParMETISLib:serial.obj
 0001:00022510       _Serial_SelectQueueOneWay__ 00423510 f   ParMETISLib:serial.obj
 0001:000226a0       _Mc_Serial_Compute2WayPartitionParams__ 004236a0 f   ParMETISLib:serial.obj
 0001:00022880       _Serial_AreAnyVwgtsBelow__ 00423880 f   ParMETISLib:serial.obj
 0001:000228d0       _ComputeSerialEdgeCut__    004238d0 f   ParMETISLib:serial.obj
 0001:00022950       _ComputeSerialTotalV__     00423950 f   ParMETISLib:serial.obj
 0001:000229a0       _Mc_Diffusion__            004239a0 f   ParMETISLib:mdiffusion.obj
 0001:00023890       _ExtractGraph__            00424890 f   ParMETISLib:mdiffusion.obj
 0001:00023cb0       _WavefrontDiffusion__      00424cb0 f   ParMETISLib:wave.obj
 0001:00024660       _FPQueueInit__             00425660 f   ParMETISLib:fpqueue.obj
 0001:000246b0       _FPQueueReset__            004256b0 f   ParMETISLib:fpqueue.obj
 0001:000246d0       _FPQueueFree__             004256d0 f   ParMETISLib:fpqueue.obj
 0001:000246f0       _FPQueueGetSize__          004256f0 f   ParMETISLib:fpqueue.obj
 0001:00024700       _FPQueueInsert__           00425700 f   ParMETISLib:fpqueue.obj
 0001:00024760       _FPQueueDelete__           00425760 f   ParMETISLib:fpqueue.obj
 0001:00024870       _FPQueueUpdate__           00425870 f   ParMETISLib:fpqueue.obj
 0001:00024990       _FPQueueUpdateUp__         00425990 f   ParMETISLib:fpqueue.obj
 0001:000249f0       _FPQueueGetMax__           004259f0 f   ParMETISLib:fpqueue.obj
 0001:00024ad0       _FPQueueSeeMaxVtx__        00425ad0 f   ParMETISLib:fpqueue.obj
 0001:00024af0       _FPQueueSeeMaxGain__       00425af0 f   ParMETISLib:fpqueue.obj
 0001:00024b00       _FPQueueGetKey__           00425b00 f   ParMETISLib:fpqueue.obj
 0001:00024b30       _FPQueueGetQSize__         00425b30 f   ParMETISLib:fpqueue.obj
 0001:00024b40       _CheckHeapFloat__          00425b40 f   ParMETISLib:fpqueue.obj
 0001:00024b50       _CSR_Match_SHEM__          00425b50 f   ParMETISLib:csrmatch.obj
 0001:00024f00       _RedoMyLink__              00425f00 f   ParMETISLib:redomylink.obj
 0001:00025680       _BalanceMyLink__           00426680 f   ParMETISLib:balancemylink.obj
 0001:00026cd0       _Mc_DynamicSelectQueue__   00427cd0 f   ParMETISLib:selectq.obj
 0001:000279c0       _Mc_HashVwgts__            004289c0 f   ParMETISLib:selectq.obj
 0001:00027af0       _Mc_HashVRank__            00428af0 f   ParMETISLib:selectq.obj
 0001:00027b90       _METIS_PartGraphKway2      00428b90 f   METISLib:parmetis.obj
 0001:00027c40       _METIS_WPartGraphKway2     00428c40 f   METISLib:parmetis.obj
 0001:00027f20       _METIS_NodeNDP             00428f20 f   METISLib:parmetis.obj
 0001:00028580       ___MlevelNestedDissectionP 00429580 f   METISLib:parmetis.obj
 0001:000287e0       _METIS_NodeComputeSeparator 004297e0 f   METISLib:parmetis.obj
 0001:00028b40       _METIS_EdgeComputeSeparator 00429b40 f   METISLib:parmetis.obj
 0001:00028ee0       _METIS_mCPartGraphRecursive2 00429ee0 f   METISLib:parmetis.obj
 0001:00029740       ___MCMlevelRecursiveBisection2 0042a740 f   METISLib:parmetis.obj
 0001:00029990       _METIS_PartGraphKway       0042a990 f   METISLib:kmetis.obj
 0001:00029a40       _METIS_WPartGraphKway      0042aa40 f   METISLib:kmetis.obj
 0001:00029d50       ___MlevelKWayPartitioning  0042ad50 f   METISLib:kmetis.obj
 0001:00029ea0       _METIS_EdgeND              0042aea0 f   METISLib:ometis.obj
 0001:0002a380       _METIS_NodeND              0042b380 f   METISLib:ometis.obj
 0001:0002ab60       _METIS_NodeWND             0042bb60 f   METISLib:ometis.obj
 0001:0002b050       ___MlevelNestedDissection  0042c050 f   METISLib:ometis.obj
 0001:0002b2f0       ___MlevelNestedDissectionCC 0042c2f0 f   METISLib:ometis.obj
 0001:0002b550       ___MlevelNodeBisectionMultiple 0042c550 f   METISLib:ometis.obj
 0001:0002b740       ___MlevelNodeBisection     0042c740 f   METISLib:ometis.obj
 0001:0002b850       ___SplitGraphOrder         0042c850 f   METISLib:ometis.obj
 0001:0002bc60       ___MMDOrder                0042cc60 f   METISLib:ometis.obj
 0001:0002bd90       ___SplitGraphOrderCC       0042cd90 f   METISLib:ometis.obj
 0001:0002c110       ___Change2CNumbering       0042d110 f   METISLib:fortran.obj
 0001:0002c130       ___Change2FNumbering       0042d130 f   METISLib:fortran.obj
 0001:0002c160       ___Change2FNumbering2      0042d160 f   METISLib:fortran.obj
 0001:0002c190       ___Change2FNumberingOrder  0042d190 f   METISLib:fortran.obj
 0001:0002c1d0       ___ChangeMesh2CNumbering   0042d1d0 f   METISLib:fortran.obj
 0001:0002c1e0       ___ChangeMesh2FNumbering   0042d1e0 f   METISLib:fortran.obj
 0001:0002c220       ___ChangeMesh2FNumbering2  0042d220 f   METISLib:fortran.obj
 0001:0002c260       ___SetUpGraph              0042d260 f   METISLib:graph.obj
 0001:0002c780       ___SetUpGraphKway          0042d780 f   METISLib:graph.obj
 0001:0002c870       ___SetUpGraph2             0042d870 f   METISLib:graph.obj
 0001:0002ca60       ___VolSetUpGraph           0042da60 f   METISLib:graph.obj
 0001:0002d0a0       ___RandomizeGraph          0042e0a0 f   METISLib:graph.obj
 0001:0002d170       ___IsConnectedSubdomain    0042e170 f   METISLib:graph.obj
 0001:0002d480       ___IsConnected             0042e480 f   METISLib:graph.obj
 0001:0002d590       ___IsConnected2            0042e590 f   METISLib:graph.obj
 0001:0002d7c0       ___FindComponents          0042e7c0 f   METISLib:graph.obj
 0001:0002d940       ___InitTimers              0042e940 f   METISLib:timing.obj
 0001:0002d9a0       ___PrintTimers             0042e9a0 f   METISLib:timing.obj
 0001:0002dad0       ___seconds                 0042ead0 f   METISLib:timing.obj
 0001:0002daf0       ___errexit                 0042eaf0 f   METISLib:util.obj
 0001:0002db80       ___imalloc                 0042eb80 f   METISLib:util.obj
 0001:0002dbc0       ___idxmalloc               0042ebc0 f   METISLib:util.obj
 0001:0002dc00       ___fmalloc                 0042ec00 f   METISLib:util.obj
 0001:0002dc40       ___ismalloc                0042ec40 f   METISLib:util.obj
 0001:0002dca0       ___idxsmalloc              0042eca0 f   METISLib:util.obj
 0001:0002dd00       ___GKmalloc                0042ed00 f   METISLib:util.obj
 0001:0002dd30       ___GKfree                  0042ed30 f   METISLib:util.obj
 0001:0002dd80       ___iset                    0042ed80 f   METISLib:util.obj
 0001:0002dd90       ___idxset                  0042ed90 f   METISLib:util.obj
 0001:0002dda0       ___sset                    0042eda0 f   METISLib:util.obj
 0001:0002ddc0       ___iamax                   0042edc0 f   METISLib:util.obj
 0001:0002ddf0       ___idxamax                 0042edf0 f   METISLib:util.obj
 0001:0002de20       ___idxamax_strd            0042ee20 f   METISLib:util.obj
 0001:0002de70       ___samax                   0042ee70 f   METISLib:util.obj
 0001:0002df70       ___samax2                  0042ef70 f   METISLib:util.obj
 0001:0002e170       ___idxamin                 0042f170 f   METISLib:util.obj
 0001:0002e1a0       ___samin                   0042f1a0 f   METISLib:util.obj
 0001:0002e2a0       ___idxsum                  0042f2a0 f   METISLib:util.obj
 0001:0002e2e0       ___idxsum_strd             0042f2e0 f   METISLib:util.obj
 0001:0002e330       ___idxadd                  0042f330 f   METISLib:util.obj
 0001:0002e350       ___charsum                 0042f350 f   METISLib:util.obj
 0001:0002e3a0       ___isum                    0042f3a0 f   METISLib:util.obj
 0001:0002e3e0       ___ssum                    0042f3e0 f   METISLib:util.obj
 0001:0002e450       ___ssum_strd               0042f450 f   METISLib:util.obj
 0001:0002e4e0       ___sscale                  0042f4e0 f   METISLib:util.obj
 0001:0002e540       ___snorm2                  0042f540 f   METISLib:util.obj
 0001:0002e5d0       ___sdot                    0042f5d0 f   METISLib:util.obj
 0001:0002e680       ___saxpy                   0042f680 f   METISLib:util.obj
 0001:0002e710       ___RandomPermute           0042f710 f   METISLib:util.obj
 0001:0002e7f0       ___ispow2                  0042f7f0 f   METISLib:util.obj
 0001:0002e830       ___InitRandom              0042f830 f   METISLib:util.obj
 0001:0002e850       ___log2Int                 0042f850 f   METISLib:util.obj
 0001:0002e870       _METIS_mCPartGraphRecursive 0042f870 f   METISLib:mpmetis.obj
 0001:0002f050       _METIS_mCHPartGraphRecursive 00430050 f   METISLib:mpmetis.obj
 0001:0002f890       _METIS_mCPartGraphRecursiveInternal 00430890 f   METISLib:mpmetis.obj
 0001:0002fa50       _METIS_mCHPartGraphRecursiveInternal 00430a50 f   METISLib:mpmetis.obj
 0001:0002fc70       ___MCMlevelRecursiveBisection 00430c70 f   METISLib:mpmetis.obj
 0001:0002fe50       ___MCHMlevelRecursiveBisection 00430e50 f   METISLib:mpmetis.obj
 0001:00030390       ___MCMlevelEdgeBisection   00431390 f   METISLib:mpmetis.obj
 0001:000303c0       ___MCHMlevelEdgeBisection  004313c0 f   METISLib:mpmetis.obj
 0001:00030400       ___CompressGraph           00431400 f   METISLib:compress.obj
 0001:00030b00       ___PruneGraph              00431b00 f   METISLib:compress.obj
 0001:00031100       _METIS_PartGraphRecursive  00432100 f   METISLib:pmetis.obj
 0001:000311b0       _METIS_WPartGraphRecursive 004321b0 f   METISLib:pmetis.obj
 0001:00031770       ___MlevelRecursiveBisection 00432770 f   METISLib:pmetis.obj
 0001:000319f0       ___MlevelEdgeBisection     004329f0 f   METISLib:pmetis.obj
 0001:00031a30       ___SplitGraphPart          00432a30 f   METISLib:pmetis.obj
 0001:00031f90       ___SetUpSplitGraph         00432f90 f   METISLib:pmetis.obj
 0001:000321a0       ___AllocateWorkSpace       004331a0 f   METISLib:memory.obj
 0001:000323c0       ___FreeWorkSpace           004333c0 f   METISLib:memory.obj
 0001:000323e0       ___WspaceAvail             004333e0 f   METISLib:memory.obj
 0001:000323f0       ___idxwspacemalloc         004333f0 f   METISLib:memory.obj
 0001:00032410       ___idxwspacefree           00433410 f   METISLib:memory.obj
 0001:00032430       ___fwspacemalloc           00433430 f   METISLib:memory.obj
 0001:00032450       _fwspacefree               00433450 f   METISLib:memory.obj
 0001:00032470       ___CreateGraph             00433470 f   METISLib:memory.obj
 0001:00032500       ___InitGraph               00433500 f   METISLib:memory.obj
 0001:00032560       ___FreeGraph               00433560 f   METISLib:memory.obj
 0001:00032580       ___ConstructSeparator      00433580 f   METISLib:separator.obj
 0001:00032670       ___ConstructMinCoverSeparator0 00433670 f   METISLib:separator.obj
 0001:00032a40       ___ConstructMinCoverSeparator 00433a40 f   METISLib:separator.obj
 0001:00032df0       ___RefineKWay              00433df0 f   METISLib:kwayrefine.obj
 0001:000332a0       ___AllocateKWayPartitionMemory 004342a0 f   METISLib:kwayrefine.obj
 0001:00033340       ___ComputeKWayPartitionParams 00434340 f   METISLib:kwayrefine.obj
 0001:00033570       ___ProjectKWayPartition    00434570 f   METISLib:kwayrefine.obj
 0001:00033890       ___IsBalanced              00434890 f   METISLib:kwayrefine.obj
 0001:00033920       ___ComputeKWayBoundary     00434920 f   METISLib:kwayrefine.obj
 0001:00033980       ___ComputeKWayBalanceBoundary 00434980 f   METISLib:kwayrefine.obj
 0001:000339e0       ___Coarsen2Way             004349e0 f   METISLib:coarsen.obj
 0001:00033bd0       ___ComputePartitionInfo    00434bd0 f   METISLib:stat.obj
 0001:00034800       _ComputePartitionInfoBipartite 00435800 f   METISLib:stat.obj
 0001:00035400       ___ComputePartitionBalance 00436400 f   METISLib:stat.obj
 0001:00035590       ___ComputeElementBalance   00436590 f   METISLib:stat.obj
 0001:00035690       ___Moc_ComputePartitionBalance 00436690 f   METISLib:stat.obj
 0001:000357b0       ___Init2WayPartition       004367b0 f   METISLib:initpart.obj
 0001:00035880       ___InitSeparator           00436880 f   METISLib:initpart.obj
 0001:00035920       ___GrowBisection           00436920 f   METISLib:initpart.obj
 0001:00035d10       ___GrowBisectionNode       00436d10 f   METISLib:initpart.obj
 0001:00036160       ___RandomBisection         00437160 f   METISLib:initpart.obj
 0001:000363b0       ___genmmd                  004373b0 f   METISLib:mmd.obj
 0001:00036600       ___mmdelm                  00437600 f   METISLib:mmd.obj
 0001:00036860       ___mmdint                  00437860 f   METISLib:mmd.obj
 0001:00036910       ___mmdnum                  00437910 f   METISLib:mmd.obj
 0001:000369e0       ___mmdupd                  004379e0 f   METISLib:mmd.obj
 0001:00036da0       ___Refine2WayNode          00437da0 f   METISLib:srefine.obj
 0001:00036f70       ___Allocate2WayNodePartitionMemory 00437f70 f   METISLib:srefine.obj
 0001:00037000       ___Compute2WayNodePartitionParams 00438000 f   METISLib:srefine.obj
 0001:00037140       ___Project2WayNodePartition 00438140 f   METISLib:srefine.obj
 0001:000371b0       ___Refine2Way              004381b0 f   METISLib:refine.obj
 0001:000372f0       ___Allocate2WayPartitionMemory 004382f0 f   METISLib:refine.obj
 0001:00037370       ___Compute2WayPartitionParams 00438370 f   METISLib:refine.obj
 0001:00037510       ___Project2WayPartition    00438510 f   METISLib:refine.obj
 0001:00037750       ___MCCoarsen2Way           00438750 f   METISLib:mcoarsen.obj
 0001:00037a50       ___MocInit2WayPartition2   00438a50 f   METISLib:minitpart2.obj
 0001:00037b30       ___MocGrowBisection2       00438b30 f   METISLib:minitpart2.obj
 0001:00037cd0       ___MocGrowBisectionNew2    00438cd0 f   METISLib:minitpart2.obj
 0001:00037e50       ___MocInit2WayBalance2     00438e50 f   METISLib:minitpart2.obj
 0001:00038700       ___SelectQueueOneWay2      00439700 f   METISLib:minitpart2.obj
 0001:00038a60       ___MocRefine2Way2          00439a60 f   METISLib:mrefine2.obj
 0001:00038ba0       ___MocRefine2Way           00439ba0 f   METISLib:mrefine.obj
 0001:00038dd0       ___MocAllocate2WayPartitionMemory 00439dd0 f   METISLib:mrefine.obj
 0001:00038e90       ___MocCompute2WayPartitionParams 00439e90 f   METISLib:mrefine.obj
 0001:00039070       ___MocProject2WayPartition 0043a070 f   METISLib:mrefine.obj
 0001:000392b0       ___MocInit2WayPartition    0043a2b0 f   METISLib:minitpart.obj
 0001:00039390       ___MocGrowBisection        0043a390 f   METISLib:minitpart.obj
 0001:00039560       ___MocRandomBisection      0043a560 f   METISLib:minitpart.obj
 0001:000397f0       ___MocInit2WayBalance      0043a7f0 f   METISLib:minitpart.obj
 0001:00039fb0       _SelectQueueOneWay         0043afb0 f   METISLib:minitpart.obj
 0001:0003a100       ___iidxsort                0043b100 f   METISLib:myqsort.obj
 0001:0003a2b0       ___iintsort                0043b2b0 f   METISLib:myqsort.obj
 0001:0003a460       ___ikeysort                0043b460 f   METISLib:myqsort.obj
 0001:0003a680       ___ikeyvalsort             0043b680 f   METISLib:myqsort.obj
 0001:0003a8e0       ___MinCover                0043b8e0 f   METISLib:mincover.obj
 0001:0003ac70       ___MinCover_Augment        0043bc70 f   METISLib:mincover.obj
 0001:0003ad20       ___MinCover_Decompose      0043bd20 f   METISLib:mincover.obj
 0001:0003af90       ___MinCover_ColDFS         0043bf90 f   METISLib:mincover.obj
 0001:0003b010       ___MinCover_RowDFS         0043c010 f   METISLib:mincover.obj
 0001:0003b090       ___FM_2WayNodeRefine       0043c090 f   METISLib:sfm.obj
 0001:0003bbc0       _FM_2WayNodeRefine2        0043cbc0 f   METISLib:sfm.obj
 0001:0003c6e0       ___FM_2WayNodeRefineEqWgt  0043d6e0 f   METISLib:sfm.obj
 0001:0003d180       ___FM_2WayNodeRefine_OneSided 0043e180 f   METISLib:sfm.obj
 0001:0003d9f0       ___FM_2WayNodeBalance      0043e9f0 f   METISLib:sfm.obj
 0001:0003de90       ___ComputeMaxNodeGain      0043ee90 f   METISLib:sfm.obj
 0001:0003df80       ___Random_KWayEdgeRefineMConn 0043ef80 f   METISLib:subdomains.obj
 0001:0003eb00       ___Greedy_KWayEdgeBalanceMConn 0043fb00 f   METISLib:subdomains.obj
 0001:0003f810       ___PrintSubDomainGraph     00440810 f   METISLib:subdomains.obj
 0001:0003f980       ___ComputeSubDomainGraph   00440980 f   METISLib:subdomains.obj
 0001:0003fa60       ___EliminateSubDomainEdges 00440a60 f   METISLib:subdomains.obj
 0001:00040040       ___MoveGroupMConn          00441040 f   METISLib:subdomains.obj
 0001:00040450       ___EliminateComponents     00441450 f   METISLib:subdomains.obj
 0001:00040960       ___MoveGroup               00441960 f   METISLib:subdomains.obj
 0001:00040c90       ___Random_KWayEdgeRefine   00441c90 f   METISLib:kwayfm.obj
 0001:000414a0       ___Greedy_KWayEdgeRefine   004424a0 f   METISLib:kwayfm.obj
 0001:00041e70       ___Greedy_KWayEdgeBalance  00442e70 f   METISLib:kwayfm.obj
 0001:00042820       ___Match_RM                00443820 f   METISLib:match.obj
 0001:000429a0       ___Match_RM_NVW            004439a0 f   METISLib:match.obj
 0001:00042b00       ___Match_HEM               00443b00 f   METISLib:match.obj
 0001:00042ce0       ___Match_SHEM              00443ce0 f   METISLib:match.obj
 0001:00042fd0       ___ComputeCut              00443fd0 f   METISLib:debug.obj
 0001:000430f0       ___CheckBnd                004440f0 f   METISLib:debug.obj
 0001:00043150       ___CheckBnd2               00444150 f   METISLib:debug.obj
 0001:00043160       ___CheckNodeBnd            00444160 f   METISLib:debug.obj
 0001:00043170       ___CheckRInfo              00444170 f   METISLib:debug.obj
 0001:00043180       ___CheckNodePartitionParams 00444180 f   METISLib:debug.obj
 0001:000432c0       ___IsSeparable             004442c0 f   METISLib:debug.obj
 0001:000432d0       ___Random_KWayVolRefine    004442d0 f   METISLib:kwayvolfm.obj
 0001:00043a50       ___Random_KWayVolRefineMConn 00444a50 f   METISLib:kwayvolfm.obj
 0001:000445f0       ___Greedy_KWayVolBalance   004455f0 f   METISLib:kwayvolfm.obj
 0001:00044e20       ___Greedy_KWayVolBalanceMConn 00445e20 f   METISLib:kwayvolfm.obj
 0001:00045a60       ___KWayVolUpdate           00446a60 f   METISLib:kwayvolfm.obj
 0001:00046270       ___ComputeKWayVolume       00447270 f   METISLib:kwayvolfm.obj
 0001:000464b0       ___ComputeVolume           004474b0 f   METISLib:kwayvolfm.obj
 0001:000465e0       ___CheckVolKWayPartitionParams 004475e0 f   METISLib:kwayvolfm.obj
 0001:00046910       ___ComputeVolSubDomainGraph 00447910 f   METISLib:kwayvolfm.obj
 0001:000469e0       ___EliminateVolSubDomainEdges 004479e0 f   METISLib:kwayvolfm.obj
 0001:00047280       _EliminateVolComponents    00448280 f   METISLib:kwayvolfm.obj
 0001:00047880       ___Balance2Way             00448880 f   METISLib:balance.obj
 0001:00047930       ___Bnd2WayBalance          00448930 f   METISLib:balance.obj
 0001:00047e50       ___General2WayBalance      00448e50 f   METISLib:balance.obj
 0001:00048300       ___FM_2WayEdgeRefine       00449300 f   METISLib:fm.obj
 0001:00048cc0       ___MCMatch_RM              00449cc0 f   METISLib:mmatch.obj
 0001:00048ea0       ___MCMatch_HEM             00449ea0 f   METISLib:mmatch.obj
 0001:000490b0       ___MCMatch_SHEM            0044a0b0 f   METISLib:mmatch.obj
 0001:000493e0       ___MCMatch_SHEBM           0044a3e0 f   METISLib:mmatch.obj
 0001:00049770       ___MCMatch_SBHEM           0044a770 f   METISLib:mmatch.obj
 0001:00049b20       ___BetterVBalance          0044ab20 f   METISLib:mmatch.obj
 0001:00049f00       ___AreAllVwgtsBelowFast    0044af00 f   METISLib:mmatch.obj
 0001:00049f40       ___PQueueInit              0044af40 f   METISLib:pqueue.obj
 0001:0004a130       ___PQueueReset             0044b130 f   METISLib:pqueue.obj
 0001:0004a190       ___PQueueFree              0044b190 f   METISLib:pqueue.obj
 0001:0004a260       _PQueueGetSize             0044b260 f   METISLib:pqueue.obj
 0001:0004a270       ___PQueueInsert            0044b270 f   METISLib:pqueue.obj
 0001:0004a300       ___PQueueDelete            0044b300 f   METISLib:pqueue.obj
 0001:0004a470       ___PQueueUpdate            0044b470 f   METISLib:pqueue.obj
 0001:0004a580       ___PQueueUpdateUp          0044b580 f   METISLib:pqueue.obj
 0001:0004a630       ___PQueueGetMax            0044b630 f   METISLib:pqueue.obj
 0001:0004a750       ___PQueueSeeMax            0044b750 f   METISLib:pqueue.obj
 0001:0004a780       _PQueueGetKey              0044b780 f   METISLib:pqueue.obj
 0001:0004a7a0       ___CheckHeap               0044b7a0 f   METISLib:pqueue.obj
 0001:0004a7b0       ___MocFM_2WayEdgeRefine2   0044b7b0 f   METISLib:mfm2.obj
 0001:0004b850       ___SelectQueue2            0044c850 f   METISLib:mfm2.obj
 0001:0004bc60       ___IsBetter2wayBalance     0044cc60 f   METISLib:mfm2.obj
 0001:0004bef0       ___AreAllVwgtsBelow        0044cef0 f   METISLib:mutil.obj
 0001:0004bf40       ___AreAnyVwgtsBelow        0044cf40 f   METISLib:mutil.obj
 0001:0004bf90       ___AreAllVwgtsAbove        0044cf90 f   METISLib:mutil.obj
 0001:0004bfe0       ___ComputeLoadImbalance    0044cfe0 f   METISLib:mutil.obj
 0001:0004c060       ___AreAllBelow             0044d060 f   METISLib:mutil.obj
 0001:0004c0a0       ___MocBalance2Way2         0044d0a0 f   METISLib:mbalance2.obj
 0001:0004c110       ___MocGeneral2WayBalance2  0044d110 f   METISLib:mbalance2.obj
 0001:0004cf60       ___SelectQueue3            0044df60 f   METISLib:mbalance2.obj
 0001:0004d380       ___MocFM_2WayEdgeRefine    0044e380 f   METISLib:mfm.obj
 0001:0004e110       ___SelectQueue             0044f110 f   METISLib:mfm.obj
 0001:0004e450       ___BetterBalance           0044f450 f   METISLib:mfm.obj
 0001:0004e510       ___Compute2WayHLoadImbalance 0044f510 f   METISLib:mfm.obj
 0001:0004e640       ___Compute2WayHLoadImbalanceVec 0044f640 f   METISLib:mfm.obj
 0001:0004e6f0       ___MocBalance2Way          0044f6f0 f   METISLib:mbalance.obj
 0001:0004e730       ___MocGeneral2WayBalance   0044f730 f   METISLib:mbalance.obj
 0001:0004f440       ___BucketSortKeysInc       00450440 f   METISLib:bucketsort.obj
 0001:0004f520       ___CreateCoarseGraph       00450520 f   METISLib:ccgraph.obj
 0001:0004fa70       ___CreateCoarseGraphNoMask 00450a70 f   METISLib:ccgraph.obj
 0001:0004ff40       ___CreateCoarseGraph_NVW   00450f40 f   METISLib:ccgraph.obj
 0001:000502d0       ___SetUpCoarseGraph        004512d0 f   METISLib:ccgraph.obj
 0001:00050560       ___ReAdjustMemory          00451560 f   METISLib:ccgraph.obj
 0001:000506f8       _DSPTRF                    004516f8 f   lap.obj
 0001:00051dbe       _DSPTRI                    00452dbe f   lap.obj
 0001:000530ac       _XERBLA                    004540ac f   lap.obj
 0001:0005315e       _DSPMV                     0045415e f   lap.obj
 0001:00053bae       _DSWAP                     00454bae f   lap.obj
 0001:00053e48       _DSPR                      00454e48 f   lap.obj
 0001:000543aa       _DSCAL                     004553aa f   lap.obj
 0001:000545ec       _LSAME                     004555ec f   lap.obj
 0001:0005479e       _IDAMAX                    0045579e f   lap.obj
 0001:0005493e       _DCOPY                     0045593e f   lap.obj
 0001:00054c32       _DDOT                      00455c32 f   lap.obj
 0001:00054f60       _FUNMAXMODULE.             00455f60 f   funMaxModule.obj
 0001:00054f66       _FUNMAXMODULE_mp_MAX2I     00455f66 f   funMaxModule.obj
 0001:00054f98       _ELFE_GLBL.                00455f98 f   elfe_glbl.obj
 0001:00054f9e       _ELFE_GLBL_mp_RELEASE_GL   00455f9e f   elfe_glbl.obj
 0001:0005506c       _ELFE_GLBL_mp_RELEASE_LLIST 0045606c f   elfe_glbl.obj
 0001:000550cc       _DATA_TYPE_MOD.            004560cc f   data_type_mod.obj
 0001:000550d4       _ELFE_MSGP.                004560d4 f   elfe_msgp.obj
 0001:000550da       _ELFE_MSGP_mp_PARALLEL_FINALIZE 004560da f   elfe_msgp.obj
 0001:00055112       _ELFE_MSGP_mp_PARALLEL_ABORT 00456112 f   elfe_msgp.obj
 0001:0005568c       _ELFE_MSGP_mp_PARALLEL_BARRIER 0045668c f   elfe_msgp.obj
 0001:000556d0       _ELFE_MSGP_mp_PARALLEL_RRSYNC 004566d0 f   elfe_msgp.obj
 0001:00055c6e       _ELFE_MSGP_mp_MSGP_TABLES  00456c6e f   elfe_msgp.obj
 0001:0005da1e       _ELFE_MSGP_mp_MSGP_INIT    0045ea1e f   elfe_msgp.obj
 0001:00070934       _ELFE_MSGP_mp_EXCHANGE_E2D 00471934 f   elfe_msgp.obj
 0001:00070dfe       _ELFE_MSGP_mp_EXCHANGE_E3DW 00471dfe f   elfe_msgp.obj
 0001:000714e4       _ELFE_MSGP_mp_EXCHANGE_P2D 004724e4 f   elfe_msgp.obj
 0001:00071a32       _ELFE_MSGP_mp_EXCHANGE_P3DW 00472a32 f   elfe_msgp.obj
 0001:0007219c       _ELFE_MSGP_mp_EXCHANGE_P2DI 0047319c f   elfe_msgp.obj
 0001:000726d4       _ELFE_MSGP_mp_EXCHANGE_S2D 004736d4 f   elfe_msgp.obj
 0001:00072c22       _ELFE_MSGP_mp_EXCHANGE_S2D_9 00473c22 f   elfe_msgp.obj
 0001:0007338c       _ELFE_MSGP_mp_EXCHANGE_S2DI 0047438c f   elfe_msgp.obj
 0001:000738c4       _ELFE_MSGP_mp_EXCHANGE_S3DW 004748c4 f   elfe_msgp.obj
 0001:0007402e       _ELFE_MSGP_mp_EXCHANGE_S3D_5 0047502e f   elfe_msgp.obj
 0001:00074a16       _ELFE_MSGP_mp_EXCHANGE_S3D_4 00475a16 f   elfe_msgp.obj
 0001:000753fe       _ELFE_MSGP_mp_EXCHANGE_S3D_2 004763fe f   elfe_msgp.obj
 0001:00075de6       _ELFE_MSGP_mp_EXCHANGE_S3D_TR2 00476de6 f   elfe_msgp.obj
 0001:000767d8       _ELFE_MSGP_mp_EXCHANGE_P3D_2 004777d8 f   elfe_msgp.obj
 0001:000771c0       _ELFE_MSGP_mp_EXCHANGE_P3D_3 004781c0 f   elfe_msgp.obj
 0001:00077ba8       _ELFE_MSGP_mp_EXCHANGE_P3D_4 00478ba8 f   elfe_msgp.obj
 0001:00078590       _ELFE_MSGP_mp_EXCHANGE_P3D_TR 00479590 f   elfe_msgp.obj
 0001:00078f82       _ELFE_MSGP_mp_EXCHANGE_E3D_TR 00479f82 f   elfe_msgp.obj
 0001:000798ec       _ELFE_MSGP_mp_EXCHANGE_E3D_TR2 0047a8ec f   elfe_msgp.obj
 0001:0007a260       _ELFE_MSGP_mp_EXCHANGE_E3D_2 0047b260 f   elfe_msgp.obj
 0001:0007abcc       _SURF_FLUXES               0047bbcc f   sflux_9c.obj
 0001:0007c176       _TURB_FLUXES               0047d176 f   sflux_9c.obj
 0001:0007f2b0       _ESAT_FLAT_R               004802b0 f   sflux_9c.obj
 0001:0007f3a6       _PSI_M                     004803a6 f   sflux_9c.obj
 0001:0007f4d4       _PSI_H                     004804d4 f   sflux_9c.obj
 0001:0007f57a       _ROTATE_WINDS              0048057a f   sflux_9c.obj
 0001:0007fba8       _CHECK_ALLOCATION          00480ba8 f   sflux_9c.obj
 0001:0007fcc4       _NETCDF_IO.                00480cc4 f   sflux_9c.obj
 0001:0007fcca       _GET_WIND                  00480cca f   sflux_9c.obj
 0001:00081402       _GET_RAD                   00482402 f   sflux_9c.obj
 0001:0008269e       _GET_PRECIP_FLUX           0048369e f   sflux_9c.obj
 0001:000836bc       _GET_DATASET_INFO          004846bc f   sflux_9c.obj
 0001:00084c96       _CHAR_NUM                  00485c96 f   sflux_9c.obj
 0001:00084e0c       _GET_FILE_NAME             00485e0c f   sflux_9c.obj
 0001:00084f00       _CHECK_ERR                 00485f00 f   sflux_9c.obj
 0001:00084f4e       _JD                        00485f4e f   sflux_9c.obj
 0001:000850aa       _GET_TIMES_ETC             004860aa f   sflux_9c.obj
 0001:00085792       _GET_FILE_TIMES            00486792 f   sflux_9c.obj
 0001:00085d1e       _CHECK_TIMES               00486d1e f   sflux_9c.obj
 0001:00085df6       _GET_DIMS                  00486df6 f   sflux_9c.obj
 0001:00085f42       _HALT_ERROR                00486f42 f   sflux_9c.obj
 0001:00085f74       _READ_COORD                00486f74 f   sflux_9c.obj
 0001:0008617a       _READ_DATA                 0048717a f   sflux_9c.obj
 0001:000863d0       _LIST_NODES                004873d0 f   sflux_9c.obj
 0001:000864c6       _LIST_ELEMS                004874c6 f   sflux_9c.obj
 0001:0008671c       _GET_WEIGHT                0048771c f   sflux_9c.obj
 0001:00087a52       _FIX_COORDS                00488a52 f   sflux_9c.obj
 0001:00087cac       _GET_SFLUX_INPUTS          00488cac f   sflux_9c.obj
 0001:000883dc       _GET_BRACKET               004893dc f   sflux_9c.obj
 0001:000884a6       _GET_SFLUX_DATA            004894a6 f   sflux_9c.obj
 0001:00088c84       _INTERP_TIME               00489c84 f   sflux_9c.obj
 0001:00089004       _INTERP_GRID               0048a004 f   sflux_9c.obj
 0001:000892cc       _COMBINE_SFLUX_DATA        0048a2cc f   sflux_9c.obj
 0001:00089860       _CHECK_ERROR_MOD.          0048a860 f   check_error.obj
 0001:00089866       _CHECK_ERROR_MOD_mp_CHECK_ERROR 0048a866 f   check_error.obj
 0001:0008994e       _CHECK_ERROR_MOD_mp_CHECK_RESULTS 0048a94e f   check_error.obj
 0001:00089ca4       _NSF_CONTAINER_MOD.        0048aca4 f   nsf_container.obj
 0001:00089caa       _NSF_CONTAINER_MOD_mp_INIT_NSF_CONTAINER 0048acaa f   nsf_container.obj
 0001:0008a36e       _NSF_CONTAINER_MOD_mp_NFS_CREATE_FILE 0048b36e f   nsf_container.obj
 0001:0008a628       _NSF_CONTAINER_MOD_mp_NFS_CLOSE_FILE 0048b628 f   nsf_container.obj
 0001:0008a7fe       _NSF_CONTAINER_MOD_mp_NFS_OPEN_FILE 0048b7fe f   nsf_container.obj
 0001:0008af10       _NSF_CONTAINER_MOD_mp_NFS_CREATE_VARIABLE 0048bf10 f   nsf_container.obj
 0001:0008b062       _NSF_CONTAINER_MOD_mp_NSF_SET_ATTRIBUTE_NETCDF 0048c062 f   nsf_container.obj
 0001:0008b494       _NSF_CONTAINER_MOD_mp_NSF_SET_ATTRIBUTE_CHAR 0048c494 f   nsf_container.obj
 0001:0008b53c       _NSF_CONTAINER_MOD_mp_NSF_SET_ATTRIBUTE_INT2 0048c53c f   nsf_container.obj
 0001:0008b55e       _NSF_CONTAINER_MOD_mp_NSF_SET_ATTRIBUTE_INT4 0048c55e f   nsf_container.obj
 0001:0008b57e       _NSF_CONTAINER_MOD_mp_NSF_SET_ATTRIBUTE_REAL4 0048c57e f   nsf_container.obj
 0001:0008b5a2       _NSF_CONTAINER_MOD_mp_NSF_SET_ATTRIBUTE_REAL8 0048c5a2 f   nsf_container.obj
 0001:0008b5c6       _NSF_CONTAINER_MOD_mp_NSF_GET_ATTRIBUTE_NETCDF 0048c5c6 f   nsf_container.obj
 0001:0008ba86       _NSF_CONTAINER_MOD_mp_NSF_GET_VAR_ID 0048ca86 f   nsf_container.obj
 0001:0008bbda       _NSF_CONTAINER_MOD_mp_NSF_GET_ATTRIBUTE_CHAR 0048cbda f   nsf_container.obj
 0001:0008bc26       _NSF_CONTAINER_MOD_mp_NSF_GET_ATTRIBUTE_INT2 0048cc26 f   nsf_container.obj
 0001:0008bc3c       _NSF_CONTAINER_MOD_mp_NSF_GET_ATTRIBUTE_INT4 0048cc3c f   nsf_container.obj
 0001:0008bc50       _NSF_CONTAINER_MOD_mp_NSF_GET_ATTRIBUTE_REAL4 0048cc50 f   nsf_container.obj
 0001:0008bc68       _NSF_CONTAINER_MOD_mp_NSF_GET_ATTRIBUTE_REAL8 0048cc68 f   nsf_container.obj
 0001:0008bc80       _NSF_SELF_VARS_MOD.        0048cc80 f   nsf_self_vars.obj
 0001:0008bc86       _NSF_SELF_VARS_MOD_mp_NFS_SELF_CREATE_FILE 0048cc86 f   nsf_self_vars.obj
 0001:0008bd26       _NSF_SELF_VARS_MOD_mp_GET_NFS_SELF_VARS_ID 0048cd26 f   nsf_self_vars.obj
 0001:0008be68       _NSF_SELF_VARS_MOD_mp_NSF_SELFE_NECTCDF_OUT_INIT 0048ce68 f   nsf_self_vars.obj
 0001:0008d0fc       _NSF_SELF_VARS_MOD_mp_NSF_SELFE_NECTCDF_OUT_FREE 0048e0fc f   nsf_self_vars.obj
 0001:0008d47a       _NSF_SELF_VARS_MOD_mp_NFS_COLLECT_RDATA_2D 0048e47a f   nsf_self_vars.obj
 0001:0008d7cc       _NSF_SELF_VARS_MOD_mp_NFS_COLLECT_RDATA_3D 0048e7cc f   nsf_self_vars.obj
 0001:0008de2a       _NSF_SELF_VARS_MOD_mp_NFS_SELF_SET_GLOBAL_ATTS 0048ee2a f   nsf_self_vars.obj
 0001:0008e58e       _NSF_SELF_VARS_MOD_mp_NFS_SELF_SET_DIMS 0048f58e f   nsf_self_vars.obj
 0001:0008ecbe       _NSF_SELF_VARS_MOD_mp_NFS_SELF_SET_VARS 0048fcbe f   nsf_self_vars.obj
 0001:0009d3ec       _NSF_SELF_VARS_MOD_mp_NFS_SELF_EST_NVARS 0049e3ec f   nsf_self_vars.obj
 0001:0009d4b2       _NSF_SELF_VARS_MOD_mp_NSF_SELFE_OUT_GRID 0049e4b2 f   nsf_self_vars.obj
 0001:000a03ec       _NSF_SELF_VARS_MOD_mp_NSF_SELFE_IN_GRID 004a13ec f   nsf_self_vars.obj
 0001:000a17b4       _NSF_SELF_VARS_MOD_mp_NSF_SELFE_ACQUIRE_DIMS 004a27b4 f   nsf_self_vars.obj
 0001:000a1a62       _NSF_SELF_VARS_MOD_mp_NSF_SELF_NETCDF_TIME_DATA_IN_1D 004a2a62 f   nsf_self_vars.obj
 0001:000a1c90       _NSF_SELF_VARS_MOD_mp_NSF_SELF_NETCDF_TIME_TIME 004a2c90 f   nsf_self_vars.obj
 0001:000a1ea4       _NSF_SELF_VARS_MOD_mp_NSF_SELF_NETCDF_TIME_DATA_IN_2D 004a2ea4 f   nsf_self_vars.obj
 0001:000a216a       _NSF_SELF_VARS_MOD_mp_NSF_SELF_NETCDF_TIME_DATA_IN_3D 004a316a f   nsf_self_vars.obj
 0001:000a24e8       _DO_TRANSPORT_TVD          004a34e8 f   transport.obj
 0001:000b0dc2       _FLUX_LIM                  004b1dc2 f   transport.obj
 0001:000b1034       _MAIN__                    004b2034 f   elfe_main.obj
 0001:00132024       _WRITE_HEADER1             00533024 f   io_subs.obj
 0001:001345ce       _WRITE_HEADER0             005355ce f   io_subs.obj
 0001:00136296       _WRITE_OBE                 00537296 f   io_subs.obj
 0001:00136e48       _REPORT_TIMERS             00537e48 f   io_subs.obj
 0001:00138af0       _GET_PARAM                 00539af0 f   read_param.obj
 0001:00139528       _JET_MODEL                 0053a528 f   jet.obj
 0001:0013c00a       _AMBIENT                   0053d00a f   jet.obj
 0001:0013cefc       _INIT_INTER_BTRACK         0053defc f   bktrk_subs.obj
 0001:0013d100       _INTER_BTRACK              0053e100 f   bktrk_subs.obj
 0001:0014282c       _BTRACK                    0054382c f   bktrk_subs.obj
 0001:0014b606       _QUICKSEARCH               0054c606 f   bktrk_subs.obj
 0001:0014f0ec       _INTERSECT2                005500ec f   bktrk_subs.obj
 0001:0014f314       _AREA_COORD                00550314 f   bktrk_subs.obj
 0001:0014f610       _SOLVE_JCG                 00550610 f   solver_subs.obj
 0001:00150e74       _SOLVE_JCG_QNON            00551e74 f   solver_subs.obj
 0001:00154048       _TRIDAG                    00555048 f   solver_subs.obj
 0001:0015441c       _LINDEX                    0055541c f   grid_subs.obj
 0001:00154484       _SUMS                      00555484 f   grid_subs.obj
 0001:001545d4       _SIGNA                     005555d4 f   grid_subs.obj
 0001:00154644       _CPP                       00555644 f   grid_subs.obj
 0001:001546ac       _DUMP_HGRID                005556ac f   grid_subs.obj
 0001:001589f0       _PARTITION_HGRID           005599f0 f   grid_subs.obj
 0001:0015c0e0       _AQUIRE_VGRID              0055d0e0 f   grid_subs.obj
 0001:0015dd04       _AQUIRE_HGRID              0055ed04 f   grid_subs.obj
 0001:00172a28       _LEVELS0                   00573a28 f   misc_subs.obj
 0001:001783ce       _NODALVEL                  005793ce f   misc_subs.obj
 0001:0017b8da       _VINTER                    0057c8da f   misc_subs.obj
 0001:0017bf5a       _EQSTATE                   0057cf5a f   misc_subs.obj
 0001:0017c5ca       _ASM                       0057d5ca f   misc_subs.obj
 0001:0017ce8a       _RINT_LAG                  0057de8a f   misc_subs.obj
 0001:0017e85a       _LINDEX_S                  0057f85a f   misc_subs.obj
 0001:0017e8d0       _COVAR                     0057f8d0 f   misc_subs.obj
 0001:0017eb42       _EVAL_CUBIC_SPLINE         0057fb42 f   misc_subs.obj
 0001:0017f000       _CUBIC_SPLINE              00580000 f   misc_subs.obj
 0001:0017f842       _DO_CUBIC_SPLINE           00580842 f   misc_subs.obj
 0001:0017f95a       _MEAN_DENSITY              0058095a f   misc_subs.obj
 0001:00182214       _KRONECKER                 00583214 f   misc_subs.obj
 0001:0018223c       _HGRAD_NODES               0058323c f   misc_subs.obj
 0001:00187430       _MPI_SEND                  00588430 f   msmpifec:mpif.obj
 0001:00187430       _pmpi_send__               00588430 f   msmpifec:mpif.obj
 0001:00187430       _mpi_send_                 00588430 f   msmpifec:mpif.obj
 0001:00187430       _PMPI_SEND                 00588430 f   msmpifec:mpif.obj
 0001:00187430       _pmpi_send                 00588430 f   msmpifec:mpif.obj
 0001:00187430       _mpi_send__                00588430 f   msmpifec:mpif.obj
 0001:00187430       _mpi_send                  00588430 f   msmpifec:mpif.obj
 0001:00187430       _pmpi_send_                00588430 f   msmpifec:mpif.obj
 0001:0018745d       _pmpi_recv__               0058845d f   msmpifec:mpif.obj
 0001:0018745d       _mpi_recv                  0058845d f   msmpifec:mpif.obj
 0001:0018745d       _mpi_recv_                 0058845d f   msmpifec:mpif.obj
 0001:0018745d       _pmpi_recv                 0058845d f   msmpifec:mpif.obj
 0001:0018745d       _pmpi_recv_                0058845d f   msmpifec:mpif.obj
 0001:0018745d       _PMPI_RECV                 0058845d f   msmpifec:mpif.obj
 0001:0018745d       _MPI_RECV                  0058845d f   msmpifec:mpif.obj
 0001:0018745d       _mpi_recv__                0058845d f   msmpifec:mpif.obj
 0001:001874b0       _mpi_get_count             005884b0 f   msmpifec:mpif.obj
 0001:001874b0       _PMPI_GET_COUNT            005884b0 f   msmpifec:mpif.obj
 0001:001874b0       _pmpi_get_count            005884b0 f   msmpifec:mpif.obj
 0001:001874b0       _pmpi_get_count_           005884b0 f   msmpifec:mpif.obj
 0001:001874b0       _pmpi_get_count__          005884b0 f   msmpifec:mpif.obj
 0001:001874b0       _mpi_get_count__           005884b0 f   msmpifec:mpif.obj
 0001:001874b0       _mpi_get_count_            005884b0 f   msmpifec:mpif.obj
 0001:001874b0       _MPI_GET_COUNT             005884b0 f   msmpifec:mpif.obj
 0001:001874cc       _pmpi_bsend_               005884cc f   msmpifec:mpif.obj
 0001:001874cc       _mpi_bsend__               005884cc f   msmpifec:mpif.obj
 0001:001874cc       _pmpi_bsend__              005884cc f   msmpifec:mpif.obj
 0001:001874cc       _PMPI_BSEND                005884cc f   msmpifec:mpif.obj
 0001:001874cc       _MPI_BSEND                 005884cc f   msmpifec:mpif.obj
 0001:001874cc       _pmpi_bsend                005884cc f   msmpifec:mpif.obj
 0001:001874cc       _mpi_bsend                 005884cc f   msmpifec:mpif.obj
 0001:001874cc       _mpi_bsend_                005884cc f   msmpifec:mpif.obj
 0001:001874f9       _pmpi_ssend__              005884f9 f   msmpifec:mpif.obj
 0001:001874f9       _mpi_ssend__               005884f9 f   msmpifec:mpif.obj
 0001:001874f9       _pmpi_ssend                005884f9 f   msmpifec:mpif.obj
 0001:001874f9       _PMPI_SSEND                005884f9 f   msmpifec:mpif.obj
 0001:001874f9       _mpi_ssend_                005884f9 f   msmpifec:mpif.obj
 0001:001874f9       _MPI_SSEND                 005884f9 f   msmpifec:mpif.obj
 0001:001874f9       _pmpi_ssend_               005884f9 f   msmpifec:mpif.obj
 0001:001874f9       _mpi_ssend                 005884f9 f   msmpifec:mpif.obj
 0001:00187526       _pmpi_rsend__              00588526 f   msmpifec:mpif.obj
 0001:00187526       _mpi_rsend__               00588526 f   msmpifec:mpif.obj
 0001:00187526       _pmpi_rsend                00588526 f   msmpifec:mpif.obj
 0001:00187526       _mpi_rsend                 00588526 f   msmpifec:mpif.obj
 0001:00187526       _pmpi_rsend_               00588526 f   msmpifec:mpif.obj
 0001:00187526       _MPI_RSEND                 00588526 f   msmpifec:mpif.obj
 0001:00187526       _mpi_rsend_                00588526 f   msmpifec:mpif.obj
 0001:00187526       _PMPI_RSEND                00588526 f   msmpifec:mpif.obj
 0001:00187553       _mpi_buffer_attach__       00588553 f   msmpifec:mpif.obj
 0001:00187553       _pmpi_buffer_attach        00588553 f   msmpifec:mpif.obj
 0001:00187553       _mpi_buffer_attach_        00588553 f   msmpifec:mpif.obj
 0001:00187553       _pmpi_buffer_attach__      00588553 f   msmpifec:mpif.obj
 0001:00187553       _pmpi_buffer_attach_       00588553 f   msmpifec:mpif.obj
 0001:00187553       _mpi_buffer_attach         00588553 f   msmpifec:mpif.obj
 0001:00187553       _MPI_BUFFER_ATTACH         00588553 f   msmpifec:mpif.obj
 0001:00187553       _PMPI_BUFFER_ATTACH        00588553 f   msmpifec:mpif.obj
 0001:0018756c       _pmpi_buffer_detach_       0058856c f   msmpifec:mpif.obj
 0001:0018756c       _mpi_buffer_detach__       0058856c f   msmpifec:mpif.obj
 0001:0018756c       _pmpi_buffer_detach__      0058856c f   msmpifec:mpif.obj
 0001:0018756c       _mpi_buffer_detach_        0058856c f   msmpifec:mpif.obj
 0001:0018756c       _PMPI_BUFFER_DETACH        0058856c f   msmpifec:mpif.obj
 0001:0018756c       _mpi_buffer_detach         0058856c f   msmpifec:mpif.obj
 0001:0018756c       _MPI_BUFFER_DETACH         0058856c f   msmpifec:mpif.obj
 0001:0018756c       _pmpi_buffer_detach        0058856c f   msmpifec:mpif.obj
 0001:0018758a       _pmpi_isend__              0058858a f   msmpifec:mpif.obj
 0001:0018758a       _MPI_ISEND                 0058858a f   msmpifec:mpif.obj
 0001:0018758a       _mpi_isend__               0058858a f   msmpifec:mpif.obj
 0001:0018758a       _PMPI_ISEND                0058858a f   msmpifec:mpif.obj
 0001:0018758a       _mpi_isend                 0058858a f   msmpifec:mpif.obj
 0001:0018758a       _mpi_isend_                0058858a f   msmpifec:mpif.obj
 0001:0018758a       _pmpi_isend_               0058858a f   msmpifec:mpif.obj
 0001:0018758a       _pmpi_isend                0058858a f   msmpifec:mpif.obj
 0001:001875ba       _mpi_ibsend                005885ba f   msmpifec:mpif.obj
 0001:001875ba       _pmpi_ibsend               005885ba f   msmpifec:mpif.obj
 0001:001875ba       _pmpi_ibsend__             005885ba f   msmpifec:mpif.obj
 0001:001875ba       _pmpi_ibsend_              005885ba f   msmpifec:mpif.obj
 0001:001875ba       _PMPI_IBSEND               005885ba f   msmpifec:mpif.obj
 0001:001875ba       _mpi_ibsend__              005885ba f   msmpifec:mpif.obj
 0001:001875ba       _MPI_IBSEND                005885ba f   msmpifec:mpif.obj
 0001:001875ba       _mpi_ibsend_               005885ba f   msmpifec:mpif.obj
 0001:001875ea       _MPI_ISSEND                005885ea f   msmpifec:mpif.obj
 0001:001875ea       _pmpi_issend               005885ea f   msmpifec:mpif.obj
 0001:001875ea       _pmpi_issend_              005885ea f   msmpifec:mpif.obj
 0001:001875ea       _PMPI_ISSEND               005885ea f   msmpifec:mpif.obj
 0001:001875ea       _mpi_issend__              005885ea f   msmpifec:mpif.obj
 0001:001875ea       _pmpi_issend__             005885ea f   msmpifec:mpif.obj
 0001:001875ea       _mpi_issend_               005885ea f   msmpifec:mpif.obj
 0001:001875ea       _mpi_issend                005885ea f   msmpifec:mpif.obj
 0001:0018761a       _mpi_irsend                0058861a f   msmpifec:mpif.obj
 0001:0018761a       _pmpi_irsend               0058861a f   msmpifec:mpif.obj
 0001:0018761a       _mpi_irsend_               0058861a f   msmpifec:mpif.obj
 0001:0018761a       _PMPI_IRSEND               0058861a f   msmpifec:mpif.obj
 0001:0018761a       _pmpi_irsend_              0058861a f   msmpifec:mpif.obj
 0001:0018761a       _mpi_irsend__              0058861a f   msmpifec:mpif.obj
 0001:0018761a       _pmpi_irsend__             0058861a f   msmpifec:mpif.obj
 0001:0018761a       _MPI_IRSEND                0058861a f   msmpifec:mpif.obj
 0001:0018764a       _mpi_irecv                 0058864a f   msmpifec:mpif.obj
 0001:0018764a       _pmpi_irecv                0058864a f   msmpifec:mpif.obj
 0001:0018764a       _pmpi_irecv__              0058864a f   msmpifec:mpif.obj
 0001:0018764a       _mpi_irecv__               0058864a f   msmpifec:mpif.obj
 0001:0018764a       _PMPI_IRECV                0058864a f   msmpifec:mpif.obj
 0001:0018764a       _MPI_IRECV                 0058864a f   msmpifec:mpif.obj
 0001:0018764a       _mpi_irecv_                0058864a f   msmpifec:mpif.obj
 0001:0018764a       _pmpi_irecv_               0058864a f   msmpifec:mpif.obj
 0001:0018767a       _pmpi_wait_                0058867a f   msmpifec:mpif.obj
 0001:0018767a       _pmpi_wait__               0058867a f   msmpifec:mpif.obj
 0001:0018767a       _MPI_WAIT                  0058867a f   msmpifec:mpif.obj
 0001:0018767a       _PMPI_WAIT                 0058867a f   msmpifec:mpif.obj
 0001:0018767a       _mpi_wait__                0058867a f   msmpifec:mpif.obj
 0001:0018767a       _mpi_wait_                 0058867a f   msmpifec:mpif.obj
 0001:0018767a       _pmpi_wait                 0058867a f   msmpifec:mpif.obj
 0001:0018767a       _mpi_wait                  0058867a f   msmpifec:mpif.obj
 0001:001876b4       _pmpi_test_                005886b4 f   msmpifec:mpif.obj
 0001:001876b4       _pmpi_test                 005886b4 f   msmpifec:mpif.obj
 0001:001876b4       _mpi_test                  005886b4 f   msmpifec:mpif.obj
 0001:001876b4       _pmpi_test__               005886b4 f   msmpifec:mpif.obj
 0001:001876b4       _mpi_test__                005886b4 f   msmpifec:mpif.obj
 0001:001876b4       _MPI_TEST                  005886b4 f   msmpifec:mpif.obj
 0001:001876b4       _PMPI_TEST                 005886b4 f   msmpifec:mpif.obj
 0001:001876b4       _mpi_test_                 005886b4 f   msmpifec:mpif.obj
 0001:001876ff       _MPI_REQUEST_FREE          005886ff f   msmpifec:mpif.obj
 0001:001876ff       _pmpi_request_free__       005886ff f   msmpifec:mpif.obj
 0001:001876ff       _pmpi_request_free_        005886ff f   msmpifec:mpif.obj
 0001:001876ff       _PMPI_REQUEST_FREE         005886ff f   msmpifec:mpif.obj
 0001:001876ff       _mpi_request_free_         005886ff f   msmpifec:mpif.obj
 0001:001876ff       _mpi_request_free__        005886ff f   msmpifec:mpif.obj
 0001:001876ff       _pmpi_request_free         005886ff f   msmpifec:mpif.obj
 0001:001876ff       _mpi_request_free          005886ff f   msmpifec:mpif.obj
 0001:00187713       _pmpi_waitany__            00588713 f   msmpifec:mpif.obj
 0001:00187713       _pmpi_waitany              00588713 f   msmpifec:mpif.obj
 0001:00187713       _pmpi_waitany_             00588713 f   msmpifec:mpif.obj
 0001:00187713       _mpi_waitany_              00588713 f   msmpifec:mpif.obj
 0001:00187713       _mpi_waitany               00588713 f   msmpifec:mpif.obj
 0001:00187713       _mpi_waitany__             00588713 f   msmpifec:mpif.obj
 0001:00187713       _MPI_WAITANY               00588713 f   msmpifec:mpif.obj
 0001:00187713       _PMPI_WAITANY              00588713 f   msmpifec:mpif.obj
 0001:00187766       _mpi_testany               00588766 f   msmpifec:mpif.obj
 0001:00187766       _mpi_testany__             00588766 f   msmpifec:mpif.obj
 0001:00187766       _pmpi_testany_             00588766 f   msmpifec:mpif.obj
 0001:00187766       _PMPI_TESTANY              00588766 f   msmpifec:mpif.obj
 0001:00187766       _pmpi_testany__            00588766 f   msmpifec:mpif.obj
 0001:00187766       _pmpi_testany              00588766 f   msmpifec:mpif.obj
 0001:00187766       _mpi_testany_              00588766 f   msmpifec:mpif.obj
 0001:00187766       _MPI_TESTANY               00588766 f   msmpifec:mpif.obj
 0001:001877ca       _pmpi_waitall__            005887ca f   msmpifec:mpif.obj
 0001:001877ca       _pmpi_waitall              005887ca f   msmpifec:mpif.obj
 0001:001877ca       _PMPI_WAITALL              005887ca f   msmpifec:mpif.obj
 0001:001877ca       _mpi_waitall_              005887ca f   msmpifec:mpif.obj
 0001:001877ca       _MPI_WAITALL               005887ca f   msmpifec:mpif.obj
 0001:001877ca       _pmpi_waitall_             005887ca f   msmpifec:mpif.obj
 0001:001877ca       _mpi_waitall__             005887ca f   msmpifec:mpif.obj
 0001:001877ca       _mpi_waitall               005887ca f   msmpifec:mpif.obj
 0001:00187809       _mpi_testall               00588809 f   msmpifec:mpif.obj
 0001:00187809       _PMPI_TESTALL              00588809 f   msmpifec:mpif.obj
 0001:00187809       _pmpi_testall              00588809 f   msmpifec:mpif.obj
 0001:00187809       _pmpi_testall_             00588809 f   msmpifec:mpif.obj
 0001:00187809       _pmpi_testall__            00588809 f   msmpifec:mpif.obj
 0001:00187809       _mpi_testall__             00588809 f   msmpifec:mpif.obj
 0001:00187809       _MPI_TESTALL               00588809 f   msmpifec:mpif.obj
 0001:00187809       _mpi_testall_              00588809 f   msmpifec:mpif.obj
 0001:00187859       _PMPI_WAITSOME             00588859 f   msmpifec:mpif.obj
 0001:00187859       _mpi_waitsome              00588859 f   msmpifec:mpif.obj
 0001:00187859       _pmpi_waitsome_            00588859 f   msmpifec:mpif.obj
 0001:00187859       _mpi_waitsome_             00588859 f   msmpifec:mpif.obj
 0001:00187859       _pmpi_waitsome             00588859 f   msmpifec:mpif.obj
 0001:00187859       _mpi_waitsome__            00588859 f   msmpifec:mpif.obj
 0001:00187859       _pmpi_waitsome__           00588859 f   msmpifec:mpif.obj
 0001:00187859       _MPI_WAITSOME              00588859 f   msmpifec:mpif.obj
 0001:001878ba       _mpi_testsome              005888ba f   msmpifec:mpif.obj
 0001:001878ba       _pmpi_testsome__           005888ba f   msmpifec:mpif.obj
 0001:001878ba       _pmpi_testsome_            005888ba f   msmpifec:mpif.obj
 0001:001878ba       _MPI_TESTSOME              005888ba f   msmpifec:mpif.obj
 0001:001878ba       _pmpi_testsome             005888ba f   msmpifec:mpif.obj
 0001:001878ba       _PMPI_TESTSOME             005888ba f   msmpifec:mpif.obj
 0001:001878ba       _mpi_testsome__            005888ba f   msmpifec:mpif.obj
 0001:001878ba       _mpi_testsome_             005888ba f   msmpifec:mpif.obj
 0001:0018791b       _mpi_iprobe__              0058891b f   msmpifec:mpif.obj
 0001:0018791b       _pmpi_iprobe_              0058891b f   msmpifec:mpif.obj
 0001:0018791b       _pmpi_iprobe__             0058891b f   msmpifec:mpif.obj
 0001:0018791b       _mpi_iprobe_               0058891b f   msmpifec:mpif.obj
 0001:0018791b       _PMPI_IPROBE               0058891b f   msmpifec:mpif.obj
 0001:0018791b       _MPI_IPROBE                0058891b f   msmpifec:mpif.obj
 0001:0018791b       _pmpi_iprobe               0058891b f   msmpifec:mpif.obj
 0001:0018791b       _mpi_iprobe                0058891b f   msmpifec:mpif.obj
 0001:00187972       _MPI_PROBE                 00588972 f   msmpifec:mpif.obj
 0001:00187972       _PMPI_PROBE                00588972 f   msmpifec:mpif.obj
 0001:00187972       _pmpi_probe_               00588972 f   msmpifec:mpif.obj
 0001:00187972       _pmpi_probe__              00588972 f   msmpifec:mpif.obj
 0001:00187972       _mpi_probe_                00588972 f   msmpifec:mpif.obj
 0001:00187972       _pmpi_probe                00588972 f   msmpifec:mpif.obj
 0001:00187972       _mpi_probe__               00588972 f   msmpifec:mpif.obj
 0001:00187972       _mpi_probe                 00588972 f   msmpifec:mpif.obj
 0001:001879b8       _MPI_CANCEL                005889b8 f   msmpifec:mpif.obj
 0001:001879b8       _pmpi_cancel__             005889b8 f   msmpifec:mpif.obj
 0001:001879b8       _PMPI_CANCEL               005889b8 f   msmpifec:mpif.obj
 0001:001879b8       _mpi_cancel__              005889b8 f   msmpifec:mpif.obj
 0001:001879b8       _pmpi_cancel               005889b8 f   msmpifec:mpif.obj
 0001:001879b8       _mpi_cancel_               005889b8 f   msmpifec:mpif.obj
 0001:001879b8       _mpi_cancel                005889b8 f   msmpifec:mpif.obj
 0001:001879b8       _pmpi_cancel_              005889b8 f   msmpifec:mpif.obj
 0001:001879cc       _pmpi_test_cancelled_      005889cc f   msmpifec:mpif.obj
 0001:001879cc       _mpi_test_cancelled_       005889cc f   msmpifec:mpif.obj
 0001:001879cc       _pmpi_test_cancelled__     005889cc f   msmpifec:mpif.obj
 0001:001879cc       _mpi_test_cancelled__      005889cc f   msmpifec:mpif.obj
 0001:001879cc       _MPI_TEST_CANCELLED        005889cc f   msmpifec:mpif.obj
 0001:001879cc       _PMPI_TEST_CANCELLED       005889cc f   msmpifec:mpif.obj
 0001:001879cc       _mpi_test_cancelled        005889cc f   msmpifec:mpif.obj
 0001:001879cc       _pmpi_test_cancelled       005889cc f   msmpifec:mpif.obj
 0001:001879f1       _pmpi_send_init            005889f1 f   msmpifec:mpif.obj
 0001:001879f1       _PMPI_SEND_INIT            005889f1 f   msmpifec:mpif.obj
 0001:001879f1       _pmpi_send_init_           005889f1 f   msmpifec:mpif.obj
 0001:001879f1       _mpi_send_init_            005889f1 f   msmpifec:mpif.obj
 0001:001879f1       _mpi_send_init             005889f1 f   msmpifec:mpif.obj
 0001:001879f1       _pmpi_send_init__          005889f1 f   msmpifec:mpif.obj
 0001:001879f1       _mpi_send_init__           005889f1 f   msmpifec:mpif.obj
 0001:001879f1       _MPI_SEND_INIT             005889f1 f   msmpifec:mpif.obj
 0001:00187a21       _pmpi_bsend_init           00588a21 f   msmpifec:mpif.obj
[...]
 0001:001e9620       _process_nondelim_char     005ea620 f   libifcoremt:for_rseq_nml.obj
 0001:001e9820       _process_numeric           005ea820 f   libifcoremt:for_rseq_nml.obj
 0001:001ea060       _process_logical           005eb060 f   libifcoremt:for_rseq_nml.obj
 0001:001ea230       _process_complex           005eb230 f   libifcoremt:for_rseq_nml.obj
 0001:001ea6f0       _process_substring         005eb6f0 f   libifcoremt:for_rseq_nml.obj
 0001:001ea990       _process_index             005eb990 f   libifcoremt:for_rseq_nml.obj
 0001:001ead00       _do_nml_copy               005ebd00 f   libifcoremt:for_rseq_nml.obj
 0001:001eb010       _for__reset_nml_buffer     005ec010 f   libifcoremt:for_rseq_nml.obj
 0001:001eb030       _for__proc_nlist_struct    005ec030 f   libifcoremt:for_rseq_nml.obj
 0001:001ec190       _for__get_next_state       005ed190 f   libifcoremt:for_rseq_nml.obj
 0001:001ec280       _for__assign_nlist_struct  005ed280 f   libifcoremt:for_rseq_nml.obj
 0001:001ed370       _for__assign_nlist_element 005ee370 f   libifcoremt:for_rseq_nml.obj
 0001:001ed980       _for__insert_nml_operator  005ee980 f   libifcoremt:for_rseq_nml.obj
 0001:001ed9f0       _for__free_nml_buffer      005ee9f0 f   libifcoremt:for_rseq_nml.obj
 0001:001eda20       _for__lseek                005eea20 f   libifcoremt:for_rseq_nml.obj
 0001:001eda80       _for__flush_file_buffer    005eea80 f   libifcoremt:for_rseq_nml.obj
 0001:001edb40       _for__init_nml_buffer      005eeb40 f   libifcoremt:for_rseq_nml.obj
 0001:001eeaa0       _create_threadstor_key     005efaa0 f   libifcoremt:for_reentrancy.obj
 0001:001eeb00       _reentrancy_cleanup        005efb00 f   libifcoremt:for_reentrancy.obj
 0001:001eede0       _kill_resource_recurschk   005efde0 f   libifcoremt:for_reentrancy.obj
 0001:001eee20       _kill_resource             005efe20 f   libifcoremt:for_reentrancy.obj
 0001:001eee70       _init_resource             005efe70 f   libifcoremt:for_reentrancy.obj
 0001:001eee90       _init_resource_recurschk   005efe90 f   libifcoremt:for_reentrancy.obj
 0001:001ef060       _reentrancy_init           005f0060 f   libifcoremt:for_reentrancy.obj
 0001:001f0840       _for__lseek                005f1840 f   libifcoremt:for_rseq_fmt.obj
 0001:001f08a0       _for__flush_file_buffer    005f18a0 f   libifcoremt:for_rseq_fmt.obj
 0001:001f5300       _for__read_ufseq           005f6300 f   libifcoremt:for_rseq.obj
 0001:001f55b0       _for__lseek                005f65b0 f   libifcoremt:for_rseq.obj
 0001:001f5610       _for__flush_file_buffer    005f6610 f   libifcoremt:for_rseq.obj
 0001:001f6e00       _for__flush_file_buffer    005f7e00 f   libifcoremt:for_rdir.obj
 0001:001f9b40       _for__flush_file_buffer    005fab40 f   libifcoremt:for_wseq.obj
 0001:001fcb30       _write_UFSEQD_record_to_file 005fdb30 f   libifcoremt:for_wseq.obj
 0001:001fcd80       _for__tell                 005fdd80 f   libifcoremt:for_wseq.obj
 0001:001fcde0       _for__set_record_count     005fdde0 f   libifcoremt:for_wseq.obj
 0001:001fcf20       _for__lseek                005fdf20 f   libifcoremt:for_wseq.obj
 0001:001fcf80       _for__finish_direct_write  005fdf80 f   libifcoremt:for_wseq.obj
 0001:001fd5b0       _for__write_from_user_buffer 005fe5b0 f   libifcoremt:for_wseq.obj
 0001:001fede0       _for__flush_file_buffer    005ffde0 f   libifcoremt:for_wdir.obj
 0001:00200810       _for__writed_from_user_buffer 00601810 f   libifcoremt:for_wdir.obj
 0001:00200db0       _ri_get_field              00601db0 f   libifcoremt:for_rint_lis.obj
 0001:00203370       _ri_find_field             00604370 f   libifcoremt:for_rint_lis.obj
 0001:00204260       _process_existing_lub      00605260 f   libifcoremt:for_lub_mgt.obj
 0001:002050a0       _release_lun               006060a0 f   libifcoremt:for_lub_mgt.obj
 0001:00207d20       _get_message               00608d20 f   libifcoremt:for_diags_intel.obj
 0001:00209010       _for_gerror_i              0060a010 f   libifcoremt:for_diags_intel.obj
 0001:00209e90       _for__perror               0060ae90 f   libifcoremt:for_diags_intel.obj
 0001:0020bf30       _aio__get_lub              0060cf30 f   libifcoremt:for_aio.obj
 0001:0020c020       _aio__routine@4            0060d020 f   libifcoremt:for_aio.obj
 0001:0020fa40       _emit_comp_fmt             00610a40 f   libifcoremt:for_fmt_comp.obj
 0001:00212650       _get_vfe_value             00613650 f   libifcoremt:for_intrp_fmt.obj
 0001:00213ea0       _to_uint8                  00614ea0 f   libifcoremt:for_fmt_val.obj
 0001:00213ed0       _to_uint16                 00614ed0 f   libifcoremt:for_fmt_val.obj
 0001:00213f00       _to_int8                   00614f00 f   libifcoremt:for_fmt_val.obj
 0001:00213f30       _to_int16                  00614f30 f   libifcoremt:for_fmt_val.obj
 0001:002170b0       _for__prompt_user          006180b0 f   libifcoremt:for_nt_open_proc.obj
 0001:0021b3a0       _for__lseek                0061c3a0 f   libifcoremt:for_nt_open_proc.obj
 0001:0021b400       _for__tell                 0061c400 f   libifcoremt:for_nt_open_proc.obj
 0001:0021b910       _perform_disposition       0061c910 f   libifcoremt:for_close_proc.obj
 0001:0021d250       _for__lseek                0061e250 f   libifcoremt:for_get.obj
 0001:0021efa0       _for__proc_nlist_element   0061ffa0 f   libifcoremt:for_wseq_nml.obj
 0001:002214f0       _for__reset_buf            006224f0 f   libifcoremt:for_wseq_nml.obj
 0001:00221810       _nml_condense              00622810 f   libifcoremt:for_wseq_nml.obj
 0001:00221a90       _for__itoa                 00622a90 f   libifcoremt:for_wseq_nml.obj
 0001:00221b70       _for__free_prefix_buffer   00622b70 f   libifcoremt:for_wseq_nml.obj
 0001:00221ba0       _for__lseek                00622ba0 f   libifcoremt:for_wseq_nml.obj
 0001:00221c00       _for__flush_file_buffer    00622c00 f   libifcoremt:for_wseq_nml.obj
 0001:00221cc0       _for__init_prefix_buffer   00622cc0 f   libifcoremt:for_wseq_nml.obj
 0001:002234e0       _for__console_control_handler 006244e0 f   libifcoremt:for_init.obj
 0001:00224670       _tbk__dump_context         00625670 f   libifcoremt:tbk_traceback.obj
 0001:00244620       @__atan@4                  00645620 f   libmmt:atan_gen.obj
 0001:00249e50       _write_message             0064ae50 f   libmmt:libm_error.obj
 0001:00251fb5       _fast_error_exit           00652fb5 f   LIBCMT:crt0.obj
 0001:00251fde       _check_managed_app         00652fde f   LIBCMT:crt0.obj
 0001:00252025       ___tmainCRTStartup         00653025 f   LIBCMT:crt0.obj
 0001:00252651       __initterm                 00653651 f   LIBCMT:crt0dat.obj
 0001:0025278f       _doexit                    0065378f f   LIBCMT:crt0dat.obj
 0001:00252da0       _swap                      00653da0 f   LIBCMT:qsort.obj
 0001:00252dd0       _shortsort                 00653dd0 f   LIBCMT:qsort.obj
 0001:002534a5       _flsall                    006544a5 f   LIBCMT:fflush.obj
 0001:002544df       __getenv_s_helper          006554df f   LIBCMT:getenv.obj
 0001:00254574       __dupenv_s_helper          00655574 f   LIBCMT:getenv.obj
 0001:0025583a       ?_store_str@@YAXPADPAPADPAI@Z 0065683a f   LIBCMT:strftime.obj
 0001:0025585a       ?_store_number@@YAXHPAPADPAI@Z 0065685a f   LIBCMT:strftime.obj
 0001:00255890       ?_store_num@@YAXHHPAPADPAII@Z 00656890 f   LIBCMT:strftime.obj
 0001:0025590b       ?_expandtime@@YAHPAUlocaleinfo_struct@@DPBUtm@@PAPADPAIPAU__lc_time_data@@I@Z 0065690b f   LIBCMT:strftime.obj
 0001:00255cf3       ?_store_winword@@YAHPAUlocaleinfo_struct@@HPBUtm@@PAPADPAIPAU__lc_time_data@@@Z 00656cf3 f   LIBCMT:strftime.obj
 0001:002563a0       __callthreadstart          006573a0 f   LIBCMT:thread.obj
 0001:002563e1       __threadstart@4            006573e1 f   LIBCMT:thread.obj
 0001:0025652f       _ctrlevent_capture@4       0065752f f   LIBCMT:winsig.obj
 0001:002565ca       _siglookup                 006575ca f   LIBCMT:winsig.obj
 0001:0025773d       _vscan_fn                  0065873d f   LIBCMT:sscanf.obj
 0001:00257f1b       __abstract_cw              00658f1b f   LIBCMT:_ieee87_.obj
 0001:00257fba       __hw_cw                    00658fba f   LIBCMT:_ieee87_.obj
 0001:00258048       __abstract_sw              00659048 f   LIBCMT:_ieee87_.obj
 0001:0025808b       ___abstract_cw_sse2        0065908b f   LIBCMT:_ieee87_.obj
 0001:0025812b       ___hw_cw_sse2              0065912b f   LIBCMT:_ieee87_.obj
 0001:002581cb       ___abstract_sw_sse2        006591cb f   LIBCMT:_ieee87_.obj
 0001:0025820e       ___fpreset_sse2            0065920e f   LIBCMT:_ieee87_.obj
 0001:002582e4       ___statusfp_sse2           006592e4 f   LIBCMT:_ieee87_.obj
 0001:0025831f       ___clearfp_sse2            0065931f f   LIBCMT:_ieee87_.obj
 0001:0025836f       ___control87_sse2          0065936f f   LIBCMT:_ieee87_.obj
 0001:002591fe       __shift                    0065a1fe f   LIBCMT:cvt.obj
 0001:00259243       __cftoe2_l                 0065a243 f   LIBCMT:cvt.obj
 0001:00259835       __cftof2_l                 0065a835 f   LIBCMT:cvt.obj
 0001:00259c7c       _fastcopy_I                0065ac7c f   LIBCMT:p4_memcpy.obj
 0001:00259de6       _has_osfxsr_set            0065ade6 f   LIBCMT:cpu_disp.obj
 0001:0025a100       _xcptlookup                0065b100 f   LIBCMT:winxfltr.obj
 0001:0025a3a2       _parse_cmdline             0065b3a2 f   LIBCMT:stdargv.obj
 0001:0025b1a0       _ValidateLocalCookies      0065c1a0 f   LIBCMT:chandler4.obj
 0001:0025c7ae       _write_char                0065d7ae f   LIBCMT:output.obj
 0001:0025c7e1       _write_multi_char          0065d7e1 f   LIBCMT:output.obj
 0001:0025c807       _write_string              0065d807 f   LIBCMT:output.obj
 0001:0025d79b       __onexit_nolock            0065e79b f   LIBCMT:onexit.obj
 0001:0025e427       _write_char                0065f427 f   LIBCMT:outputp.obj
 0001:0025e45a       _write_multi_char          0065f45a f   LIBCMT:outputp.obj
 0001:0025e480       _write_string              0065f480 f   LIBCMT:outputp.obj
 0001:0025fac0       _write_char                00660ac0 f   LIBCMT:outputs.obj
 0001:0025faf3       _write_multi_char          00660af3 f   LIBCMT:outputs.obj
 0001:0025fb19       _write_string              00660b19 f   LIBCMT:outputs.obj
 0001:00260bc8       __unwind_handler4          00661bc8 f   LIBCMT:exsup4.obj
 0001:00260e25       ?CPtoLCID@@YAHH@Z          00661e25 f   LIBCMT:mbctype.obj
 0001:00260e54       ?setSBCS@@YAXPAUthreadmbcinfostruct@@@Z 00661e54 f   LIBCMT:mbctype.obj
 0001:00260eb8       ?setSBUpLow@@YAXPAUthreadmbcinfostruct@@@Z 00661eb8 f   LIBCMT:mbctype.obj
 0001:002610ef       ?getSystemCP@@YAHH@Z       006620ef f   LIBCMT:mbctype.obj
 0001:002617c3       __copytlocinfo_nolock      006627c3 f   LIBCMT:setlocal.obj
 0001:002617e9       __updatetlocinfoEx_nolock  006627e9 f   LIBCMT:setlocal.obj
 0001:00261907       _sync_legacy_variables_lk  00662907 f   LIBCMT:setlocal.obj
 0001:00261cb4       __setlocale_get_all        00662cb4 f   LIBCMT:setlocal.obj
 0001:00262062       __setlocale_set_cat        00663062 f   LIBCMT:setlocal.obj
 0001:00262364       __setlocale_nolock         00663364 f   LIBCMT:setlocal.obj
 0001:002627ef       ?strncnt@@YAHPBDH@Z        006637ef f   LIBCMT:a_map.obj
 0001:0026280d       ?__crtLCMapStringA_stat@@YAHPAUlocaleinfo_struct@@KKPBDHPADHHH@Z 0066380d f   LIBCMT:a_map.obj
 0001:0026306f       __is_LFH_enabled           0066406f f   LIBCMT:expand.obj
 0001:002632eb       _IsRootUNCName             006642eb f   LIBCMT:stat.obj
 0001:00263365       __fullpath_helper          00664365 f   LIBCMT:stat.obj
 0001:00263a67       ?strtoxl@@YAKPAUlocaleinfo_struct@@PBDPAPBDHH@Z 00664a67 f   LIBCMT:strtol.obj
 0001:00263d27       ?strtoxq@@YA_KPAUlocaleinfo_struct@@PBDPAPBDHH@Z 00664d27 f   LIBCMT:strtoq.obj
 0001:0026443f       __tzset_nolock             0066543f f   LIBCMT:tzset.obj
 0001:00264785       _cvtdate                   00665785 f   LIBCMT:tzset.obj
 0001:0026497c       __isindst_nolock           0066597c f   LIBCMT:tzset.obj
 0001:0026555f       ___check_float_string      0066655f f   LIBCMT:input.obj
 0001:002655c8       __hextodec                 006665c8 f   LIBCMT:input.obj
 0001:002655e8       __inc                      006665e8 f   LIBCMT:input.obj
 0001:002655fe       __un_inc                   006665fe f   LIBCMT:input.obj
 0001:00265611       __whiteout                 00666611 f   LIBCMT:input.obj
 0001:002665f8       ___check_float_string      006675f8 f   LIBCMT:inputs.obj
 0001:0026664f       __hextodec                 0066764f f   LIBCMT:inputs.obj
 0001:0026666f       __inc                      0066766f f   LIBCMT:inputs.obj
 0001:00266685       __un_inc                   00667685 f   LIBCMT:inputs.obj
 0001:00266698       __whiteout                 00667698 f   LIBCMT:inputs.obj
 0001:002682f5       ?x_ismbbtype_l@@YAHPAUlocaleinfo_struct@@IHH@Z 006692f5 f   LIBCMT:ismbbyte.obj
 0001:00268865       ?__crtGetLocaleInfoW_stat@@YAHPAUlocaleinfo_struct@@KKPA_WHH@Z 00669865 f   LIBCMT:w_loc.obj
 0001:002688b2       ?__crtGetLocaleInfoA_stat@@YAHPAUlocaleinfo_struct@@KKPADHH@Z 006698b2 f   LIBCMT:a_loc.obj
 0001:00268a2e       _fastzero_I                00669a2e f   LIBCMT:p4_memset.obj
 0001:00268cf6       __tsopen_nolock            00669cf6 f   LIBCMT:open.obj
 0001:002699d4       __unwind_handler           0066a9d4 f   LIBCMT:exsup.obj
 0001:00269aeb       ?__crtGetStringTypeA_stat@@YAHPAUlocaleinfo_struct@@KPBDHPAGHHH@Z 0066aaeb f   LIBCMT:a_str.obj
 0001:00269d16       __get_lc_time              0066ad16 f   LIBCMT:inittime.obj
 0001:0026a33f       _fix_grouping              0066b33f f   LIBCMT:initnum.obj
 0001:0026a581       _fix_grouping              0066b581 f   LIBCMT:initmon.obj
 0001:0026ae18       _TranslateName             0066be18 f   LIBCMT:getqloc.obj
 0001:0026ae7a       _GetLcidFromDefault        0066be7a f   LIBCMT:getqloc.obj
 0001:0026ae8e       _ProcessCodePage           0066be8e f   LIBCMT:getqloc.obj
 0001:0026af32       _TestDefaultCountry        0066bf32 f   LIBCMT:getqloc.obj
 0001:0026af56       _LcidFromHexString         0066bf56 f   LIBCMT:getqloc.obj
 0001:0026af8a       _GetPrimaryLen             0066bf8a f   LIBCMT:getqloc.obj
 0001:0026afa5       _CountryEnumProc@4         0066bfa5 f   LIBCMT:getqloc.obj
 0001:0026b03d       _TestDefaultLanguage       0066c03d f   LIBCMT:getqloc.obj
 0001:0026b0b1       _LangCountryEnumProc@4     0066c0b1 f   LIBCMT:getqloc.obj
 0001:0026b283       _LanguageEnumProc@4        0066c283 f   LIBCMT:getqloc.obj
 0001:0026b344       _GetLcidFromCountry        0066c344 f   LIBCMT:getqloc.obj
 0001:0026b370       _GetLcidFromLangCountry    0066c370 f   LIBCMT:getqloc.obj
 0001:0026b3d7       _GetLcidFromLanguage       0066c3d7 f   LIBCMT:getqloc.obj
 0001:0026b604       _cmpResult                 0066c604 f   LIBCMT:memcmp.obj
 0001:0026b616       _cmpBYTE                   0066c616 f   LIBCMT:memcmp.obj
 0001:0026b62e       _cmpWORD                   0066c62e f   LIBCMT:memcmp.obj
 0001:0026b66e       _cmpDWORD                  0066c66e f   LIBCMT:memcmp.obj
 0001:0026b6e6       _unaligned_memcmp          0066c6e6 f   LIBCMT:memcmp.obj
 0001:0026ee70       ?strncnt@@YAHPBDH@Z        0066fe70 f   LIBCMT:a_cmp.obj
 0001:0026ee8e       ?__crtCompareStringA_stat@@YAHPAUlocaleinfo_struct@@KKPBDH1HH@Z 0066fe8e f   LIBCMT:a_cmp.obj
 0001:0026f363       _findenv                   00670363 f   LIBCMT:setenv.obj
 0001:0026f3b5       _copy_environ              006703b5 f   LIBCMT:setenv.obj
 0001:002731be       _xtoa_s@20                 006741be f   LIBCMT:xtoas.obj
 0001:00273306       @x64toa_s@24               00674306 f   LIBCMT:xtoas.obj
 0001:00273452       ?__crtGetStringTypeW_stat@@YAHPAUlocaleinfo_struct@@KPB_WHPAGHH@Z 00674452 f   LIBCMT:w_str.obj
 0001:00274d80       _stackwalk_cb              00675d80 f   libirc:tbk_display.obj
 0001:00278e70       _tbk__fetch_pc             00679e70 f   libirc:tbk_backtrace.obj
 0001:0027a110       _mul_2q                    0067b110 f   libirc:ia32_mulq.obj
 0001:0027faa0       _testFPIEEE_RECORD         00680aa0 f   libifcoremt:for_main.obj
 0001:0027fb50       _testFPIEEE_RECORD__nt_handler_jacket 00680b50 f   libifcoremt:for_main.obj
 0001:0027fdb8       __splitpath_helper         00680db8 f   LIBCMT:splitpat.obj
 0001:00280e70       _ValidateScopeTableHandlers 00681e70 f   LIBCMT:eh3valid.obj
 0001:00281872       _ax0                       00682872 f   LIBCMT:_filter_simd_.obj
 0001:00281889       _ax8                       00682889 f   LIBCMT:_filter_simd_.obj
 0001:002818a7       _ax32                      006828a7 f   LIBCMT:_filter_simd_.obj
 0001:002818c4       _cx0                       006828c4 f   LIBCMT:_filter_simd_.obj
 0001:002818db       _cx8                       006828db f   LIBCMT:_filter_simd_.obj
 0001:002818f9       _cx32                      006828f9 f   LIBCMT:_filter_simd_.obj
 0001:00281916       _dx0                       00682916 f   LIBCMT:_filter_simd_.obj
 0001:0028192d       _dx8                       0068292d f   LIBCMT:_filter_simd_.obj
 0001:0028194b       _dx32                      0068294b f   LIBCMT:_filter_simd_.obj
 0001:00281968       _bx0                       00682968 f   LIBCMT:_filter_simd_.obj
 0001:0028197f       _bx8                       0068297f f   LIBCMT:_filter_simd_.obj
 0001:0028199d       _bx32                      0068299d f   LIBCMT:_filter_simd_.obj
 0001:002819ba       _sib0                      006829ba f   LIBCMT:_filter_simd_.obj
 0001:00281b06       _sib8                      00682b06 f   LIBCMT:_filter_simd_.obj
 0001:00281c4a       _sib32                     00682c4a f   LIBCMT:_filter_simd_.obj
 0001:00281d86       _d32                       00682d86 f   LIBCMT:_filter_simd_.obj
 0001:00281d9a       _bp8                       00682d9a f   LIBCMT:_filter_simd_.obj
 0001:00281db8       _bp32                      00682db8 f   LIBCMT:_filter_simd_.obj
 0001:00281dd5       _si0                       00682dd5 f   LIBCMT:_filter_simd_.obj
 0001:00281dec       _si8                       00682dec f   LIBCMT:_filter_simd_.obj
 0001:00281e0a       _si32                      00682e0a f   LIBCMT:_filter_simd_.obj
 0001:00281e27       _di0                       00682e27 f   LIBCMT:_filter_simd_.obj
 0001:00281e3e       _di8                       00682e3e f   LIBCMT:_filter_simd_.obj
 0001:00281e5c       _di32                      00682e5c f   LIBCMT:_filter_simd_.obj
 0001:00281e79       _reg                       00682e79 f   LIBCMT:_filter_simd_.obj
 0001:00283314       _iszerod                   00684314 f   LIBCMT:_xmmi2_fp_emul_.obj
 0001:00283331       _isinfd                    00684331 f   LIBCMT:_xmmi2_fp_emul_.obj
 0001:00283351       _issnand                   00684351 f   LIBCMT:_xmmi2_fp_emul_.obj
 0001:0028337d       _isnand                    0068437d f   LIBCMT:_xmmi2_fp_emul_.obj
 0001:002833a8       _quietd                    006843a8 f   LIBCMT:_xmmi2_fp_emul_.obj
 0001:002833d6       _isdenormald               006843d6 f   LIBCMT:_xmmi2_fp_emul_.obj
 0001:002833fc       _isdenormalf               006843fc f   LIBCMT:_xmmi2_fp_emul_.obj
 0001:0028341c       _Fill_FPIEEE_RECORD        0068441c f   LIBCMT:_xmmi2_fp_emul_.obj
 0001:00284e83       _issnanf                   00685e83 f   LIBCMT:_xmmi_fp_emul_.obj
 0001:00284ea9       _isnanf                    00685ea9 f   LIBCMT:_xmmi_fp_emul_.obj
 0001:00284ece       _quietf                    00685ece f   LIBCMT:_xmmi_fp_emul_.obj
 0001:00284ed4       _isdenormalf               00685ed4 f   LIBCMT:_xmmi_fp_emul_.obj
 0001:00284ef4       _Fill_FPIEEE_RECORD        00685ef4 f   LIBCMT:_xmmi_fp_emul_.obj
